Archive member included to satisfy reference by file (symbol)

c:/workspace/tools/eclipse-embedcpp/xpack-arm-none-eabi-gcc-10.2.1-1.1/bin/../lib/gcc/arm-none-eabi/10.2.1/thumb/v7e-m+dp/hard\libgcc.a(unwind-arm.o)
                              ./main.o (__aeabi_unwind_cpp_pr1)
c:/workspace/tools/eclipse-embedcpp/xpack-arm-none-eabi-gcc-10.2.1-1.1/bin/../lib/gcc/arm-none-eabi/10.2.1/thumb/v7e-m+dp/hard\libgcc.a(libunwind.o)
                              c:/workspace/tools/eclipse-embedcpp/xpack-arm-none-eabi-gcc-10.2.1-1.1/bin/../lib/gcc/arm-none-eabi/10.2.1/thumb/v7e-m+dp/hard\libgcc.a(unwind-arm.o) (restore_core_regs)
c:/workspace/tools/eclipse-embedcpp/xpack-arm-none-eabi-gcc-10.2.1-1.1/bin/../lib/gcc/arm-none-eabi/10.2.1/thumb/v7e-m+dp/hard\libgcc.a(pr-support.o)
                              c:/workspace/tools/eclipse-embedcpp/xpack-arm-none-eabi-gcc-10.2.1-1.1/bin/../lib/gcc/arm-none-eabi/10.2.1/thumb/v7e-m+dp/hard\libgcc.a(unwind-arm.o) (__gnu_unwind_execute)
c:/workspace/tools/eclipse-embedcpp/xpack-arm-none-eabi-gcc-10.2.1-1.1/bin/../lib/gcc/arm-none-eabi/10.2.1/../../../../arm-none-eabi/lib/thumb/v7e-m+dp/hard\libg.a(lib_a-abort.o)
                              c:/workspace/tools/eclipse-embedcpp/xpack-arm-none-eabi-gcc-10.2.1-1.1/bin/../lib/gcc/arm-none-eabi/10.2.1/thumb/v7e-m+dp/hard\libgcc.a(unwind-arm.o) (abort)
c:/workspace/tools/eclipse-embedcpp/xpack-arm-none-eabi-gcc-10.2.1-1.1/bin/../lib/gcc/arm-none-eabi/10.2.1/../../../../arm-none-eabi/lib/thumb/v7e-m+dp/hard\libg.a(lib_a-atoi.o)
                              ./rt-thread/components/finsh/finsh_token.o (atoi)
c:/workspace/tools/eclipse-embedcpp/xpack-arm-none-eabi-gcc-10.2.1-1.1/bin/../lib/gcc/arm-none-eabi/10.2.1/../../../../arm-none-eabi/lib/thumb/v7e-m+dp/hard\libg.a(lib_a-exit.o)
                              c:/workspace/tools/eclipse-embedcpp/xpack-arm-none-eabi-gcc-10.2.1-1.1/bin/../lib/gcc/arm-none-eabi/10.2.1/../../../../arm-none-eabi/lib/thumb/v7e-m+dp/hard/crt0.o (exit)
c:/workspace/tools/eclipse-embedcpp/xpack-arm-none-eabi-gcc-10.2.1-1.1/bin/../lib/gcc/arm-none-eabi/10.2.1/../../../../arm-none-eabi/lib/thumb/v7e-m+dp/hard\libg.a(lib_a-impure.o)
                              c:/workspace/tools/eclipse-embedcpp/xpack-arm-none-eabi-gcc-10.2.1-1.1/bin/../lib/gcc/arm-none-eabi/10.2.1/../../../../arm-none-eabi/lib/thumb/v7e-m+dp/hard\libg.a(lib_a-exit.o) (_global_impure_ptr)
c:/workspace/tools/eclipse-embedcpp/xpack-arm-none-eabi-gcc-10.2.1-1.1/bin/../lib/gcc/arm-none-eabi/10.2.1/../../../../arm-none-eabi/lib/thumb/v7e-m+dp/hard\libg.a(lib_a-init.o)
                              c:/workspace/tools/eclipse-embedcpp/xpack-arm-none-eabi-gcc-10.2.1-1.1/bin/../lib/gcc/arm-none-eabi/10.2.1/../../../../arm-none-eabi/lib/thumb/v7e-m+dp/hard/crt0.o (__libc_init_array)
c:/workspace/tools/eclipse-embedcpp/xpack-arm-none-eabi-gcc-10.2.1-1.1/bin/../lib/gcc/arm-none-eabi/10.2.1/../../../../arm-none-eabi/lib/thumb/v7e-m+dp/hard\libg.a(lib_a-memcmp.o)
                              ./rt-thread/components/finsh/shell.o (memcmp)
c:/workspace/tools/eclipse-embedcpp/xpack-arm-none-eabi-gcc-10.2.1-1.1/bin/../lib/gcc/arm-none-eabi/10.2.1/../../../../arm-none-eabi/lib/thumb/v7e-m+dp/hard\libg.a(lib_a-memcpy.o)
                              ./rt-thread/components/finsh/msh.o (memcpy)
c:/workspace/tools/eclipse-embedcpp/xpack-arm-none-eabi-gcc-10.2.1-1.1/bin/../lib/gcc/arm-none-eabi/10.2.1/../../../../arm-none-eabi/lib/thumb/v7e-m+dp/hard\libg.a(lib_a-memset.o)
                              c:/workspace/tools/eclipse-embedcpp/xpack-arm-none-eabi-gcc-10.2.1-1.1/bin/../lib/gcc/arm-none-eabi/10.2.1/../../../../arm-none-eabi/lib/thumb/v7e-m+dp/hard/crt0.o (memset)
c:/workspace/tools/eclipse-embedcpp/xpack-arm-none-eabi-gcc-10.2.1-1.1/bin/../lib/gcc/arm-none-eabi/10.2.1/../../../../arm-none-eabi/lib/thumb/v7e-m+dp/hard\libg.a(lib_a-printf.o)
                              ./hal/utils/src/utils_syscalls.o (printf)
c:/workspace/tools/eclipse-embedcpp/xpack-arm-none-eabi-gcc-10.2.1-1.1/bin/../lib/gcc/arm-none-eabi/10.2.1/../../../../arm-none-eabi/lib/thumb/v7e-m+dp/hard\libg.a(lib_a-puts.o)
                              ./common/stdio_start.o (puts)
c:/workspace/tools/eclipse-embedcpp/xpack-arm-none-eabi-gcc-10.2.1-1.1/bin/../lib/gcc/arm-none-eabi/10.2.1/../../../../arm-none-eabi/lib/thumb/v7e-m+dp/hard\libg.a(lib_a-setbuf.o)
                              ./stdio_redirect/stdio_io.o (setbuf)
c:/workspace/tools/eclipse-embedcpp/xpack-arm-none-eabi-gcc-10.2.1-1.1/bin/../lib/gcc/arm-none-eabi/10.2.1/../../../../arm-none-eabi/lib/thumb/v7e-m+dp/hard\libg.a(lib_a-setvbuf.o)
                              c:/workspace/tools/eclipse-embedcpp/xpack-arm-none-eabi-gcc-10.2.1-1.1/bin/../lib/gcc/arm-none-eabi/10.2.1/../../../../arm-none-eabi/lib/thumb/v7e-m+dp/hard\libg.a(lib_a-setbuf.o) (setvbuf)
[...]
Memory Configuration

Name             Origin             Length             Attributes
rom              0x0000000000400000 0x0000000000200000 xr
ram              0x0000000020400000 0x0000000000060000 xrw
*default*        0x0000000000000000 0xffffffffffffffff

Linker script and memory map

LOAD c:/workspace/tools/eclipse-embedcpp/xpack-arm-none-eabi-gcc-10.2.1-1.1/bin/../lib/gcc/arm-none-eabi/10.2.1/thumb/v7e-m+dp/hard/crti.o
LOAD c:/workspace/tools/eclipse-embedcpp/xpack-arm-none-eabi-gcc-10.2.1-1.1/bin/../lib/gcc/arm-none-eabi/10.2.1/thumb/v7e-m+dp/hard/crtbegin.o
LOAD c:/workspace/tools/eclipse-embedcpp/xpack-arm-none-eabi-gcc-10.2.1-1.1/bin/../lib/gcc/arm-none-eabi/10.2.1/../../../../arm-none-eabi/lib/thumb/v7e-m+dp/hard/crt0.o
LOAD C:\workspace\application\samv71\Afan SAME70 RTOS\Afan SAME70 BSP\CMSIS\Core\Lib\GCC/libarm_cortexM7lfdp_math.a
LOAD ./usb/device/usbdc.o
LOAD ./usb/class/msc/device/mscdf.o
LOAD ./usb/class/hid/device/hiddf_generic.o
LOAD ./usb/class/hid/device/hiddf_keyboard.o
LOAD ./usb/class/hid/device/hiddf_mouse.o
LOAD ./usb/class/cdc/device/cdcdf_acm.o
LOAD ./usb/usb_protocol.o
LOAD ./stdio_redirect/gcc/read.o
LOAD ./stdio_redirect/gcc/write.o
LOAD ./stdio_redirect/stdio_io.o
LOAD ./rt-thread/src/clock.o
LOAD ./rt-thread/src/components.o
LOAD ./rt-thread/src/cpu.o
LOAD ./rt-thread/src/device.o
LOAD ./rt-thread/src/idle.o
LOAD ./rt-thread/src/ipc.o
LOAD ./rt-thread/src/irq.o
LOAD ./rt-thread/src/kservice.o
LOAD ./rt-thread/src/mem.o
LOAD ./rt-thread/src/memheap.o
LOAD ./rt-thread/src/mempool.o
LOAD ./rt-thread/src/object.o
LOAD ./rt-thread/src/scheduler.o
LOAD ./rt-thread/src/signal.o
LOAD ./rt-thread/src/slab.o
LOAD ./rt-thread/src/thread.o
LOAD ./rt-thread/src/timer.o
LOAD ./rt-thread/libcpu/arm/cortex-m7/context_gcc.o
LOAD ./rt-thread/libcpu/arm/cortex-m7/cpu_cache.o
LOAD ./rt-thread/libcpu/arm/cortex-m7/cpuport.o
LOAD ./rt-thread/components/finsh/cmd.o
LOAD ./rt-thread/components/finsh/finsh_compiler.o
LOAD ./rt-thread/components/finsh/finsh_error.o
LOAD ./rt-thread/components/finsh/finsh_heap.o
LOAD ./rt-thread/components/finsh/finsh_init.o
LOAD ./rt-thread/components/finsh/finsh_node.o
LOAD ./rt-thread/components/finsh/finsh_ops.o
LOAD ./rt-thread/components/finsh/finsh_parser.o
LOAD ./rt-thread/components/finsh/finsh_token.o
LOAD ./rt-thread/components/finsh/finsh_var.o
LOAD ./rt-thread/components/finsh/finsh_vm.o
LOAD ./rt-thread/components/finsh/msh.o
LOAD ./rt-thread/components/finsh/msh_file.o
LOAD ./rt-thread/components/finsh/shell.o
LOAD ./rt-thread/components/finsh/symbol.o
LOAD ./rt-thread/components/dfs/src/dfs.o
LOAD ./rt-thread/components/dfs/src/dfs_file.o
LOAD ./rt-thread/components/dfs/src/dfs_fs.o
LOAD ./rt-thread/components/dfs/src/dfs_posix.o
LOAD ./rt-thread/components/dfs/src/poll.o
LOAD ./rt-thread/components/dfs/src/select.o
LOAD ./port/rtos.o
LOAD ./hpl/xdmac/hpl_xdmac.o
LOAD ./hpl/wdt/hpl_wdt.o
LOAD ./hpl/usbhs/hpl_usbhs.o
LOAD ./hpl/usart/hpl_usart.o
LOAD ./hpl/twihs/hpl_twihs.o
LOAD ./hpl/tc/hpl_tc.o
LOAD ./hpl/spi/hpl_spi.o
LOAD ./hpl/rtc/hpl_rtc.o
LOAD ./hpl/pwm/hpl_pwm.o
LOAD ./hpl/pmc/hpl_pmc.o
LOAD ./hpl/pmc/hpl_sleep.o
LOAD ./hpl/pio/hpl_pio_ext.o
LOAD ./hpl/mcan/hpl_mcan.o
LOAD ./hpl/gmac/hpl_gmac.o
LOAD ./hpl/efc/hpl_efc.o
LOAD ./hpl/core/hpl_core_m7_base.o
LOAD ./hpl/core/hpl_init.o
LOAD ./hpl/afec/hpl_afec.o
LOAD ./hal/utils/src/utils_assert.o
LOAD ./hal/utils/src/utils_event.o
LOAD ./hal/utils/src/utils_list.o
LOAD ./hal/utils/src/utils_ringbuffer.o
LOAD ./hal/utils/src/utils_syscalls.o
LOAD ./hal/src/hal_adc_sync.o
LOAD ./hal/src/hal_atomic.o
LOAD ./hal/src/hal_calendar.o
LOAD ./hal/src/hal_can_async.o
LOAD ./hal/src/hal_delay.o
LOAD ./hal/src/hal_ext_irq.o
LOAD ./hal/src/hal_flash.o
LOAD ./hal/src/hal_gpio.o
LOAD ./hal/src/hal_i2c_m_sync.o
LOAD ./hal/src/hal_init.o
LOAD ./hal/src/hal_io.o
LOAD ./hal/src/hal_mac_async.o
LOAD ./hal/src/hal_pwm.o
LOAD ./hal/src/hal_sleep.o
LOAD ./hal/src/hal_spi_m_sync.o
LOAD ./hal/src/hal_usart_sync.o
LOAD ./hal/src/hal_usb_device.o
LOAD ./hal/src/hal_wdt.o
LOAD ./ethernet_phy/ethernet_phy.o
LOAD ./common/atmel_start.o
LOAD ./common/driver_init.o
LOAD ./common/stdio_start.o
LOAD ./board/board.o
LOAD ./Device_Startup/startup_same70q21b.o
LOAD ./main.o
LOAD ./rtos_start.o
LOAD c:/workspace/tools/eclipse-embedcpp/xpack-arm-none-eabi-gcc-10.2.1-1.1/bin/../lib/gcc/arm-none-eabi/10.2.1/../../../../arm-none-eabi/lib/thumb/v7e-m+dp/hard\libstdc++.a
LOAD c:/workspace/tools/eclipse-embedcpp/xpack-arm-none-eabi-gcc-10.2.1-1.1/bin/../lib/gcc/arm-none-eabi/10.2.1/../../../../arm-none-eabi/lib/thumb/v7e-m+dp/hard\libm.a
START GROUP
LOAD c:/workspace/tools/eclipse-embedcpp/xpack-arm-none-eabi-gcc-10.2.1-1.1/bin/../lib/gcc/arm-none-eabi/10.2.1/thumb/v7e-m+dp/hard\libgcc.a
LOAD c:/workspace/tools/eclipse-embedcpp/xpack-arm-none-eabi-gcc-10.2.1-1.1/bin/../lib/gcc/arm-none-eabi/10.2.1/../../../../arm-none-eabi/lib/thumb/v7e-m+dp/hard\libg.a
LOAD c:/workspace/tools/eclipse-embedcpp/xpack-arm-none-eabi-gcc-10.2.1-1.1/bin/../lib/gcc/arm-none-eabi/10.2.1/../../../../arm-none-eabi/lib/thumb/v7e-m+dp/hard\libc.a
END GROUP
LOAD c:/workspace/tools/eclipse-embedcpp/xpack-arm-none-eabi-gcc-10.2.1-1.1/bin/../lib/gcc/arm-none-eabi/10.2.1/thumb/v7e-m+dp/hard/crtend.o
LOAD c:/workspace/tools/eclipse-embedcpp/xpack-arm-none-eabi-gcc-10.2.1-1.1/bin/../lib/gcc/arm-none-eabi/10.2.1/thumb/v7e-m+dp/hard/crtn.o
                0x0000000000001000                STACK_SIZE = DEFINED (STACK_SIZE)?STACK_SIZE:DEFINED (__stack_size__)?__stack_size__:0x1000
                0x0000000000000800                HEAP_SIZE = DEFINED (HEAP_SIZE)?HEAP_SIZE:DEFINED (__heap_size__)?__heap_size__:0x800

.text           0x0000000000400000     0xc94c
                0x0000000000400000                . = ALIGN (0x4)
                0x0000000000400000                _sfixed = .
 *(.vectors .vectors.*)
 .vectors       0x0000000000400000      0x168 ./Device_Startup/startup_same70q21b.o
                0x0000000000400000                exception_table
 *(.text .text.* .gnu.linkonce.t.*)
 .text.__do_global_dtors_aux
                0x0000000000400168       0x24 c:/workspace/tools/eclipse-embedcpp/xpack-arm-none-eabi-gcc-10.2.1-1.1/bin/../lib/gcc/arm-none-eabi/10.2.1/thumb/v7e-m+dp/hard/crtbegin.o
 .text.frame_dummy
                0x000000000040018c       0x1c c:/workspace/tools/eclipse-embedcpp/xpack-arm-none-eabi-gcc-10.2.1-1.1/bin/../lib/gcc/arm-none-eabi/10.2.1/thumb/v7e-m+dp/hard/crtbegin.o
 .text._read    0x00000000004001a8       0x18 ./stdio_redirect/gcc/read.o
                0x00000000004001a8                _read
 .text._write   0x00000000004001c0       0x1c ./stdio_redirect/gcc/write.o
                0x00000000004001c0                _write
 .text.stdio_io_init
                0x00000000004001dc       0x28 ./stdio_redirect/stdio_io.o
                0x00000000004001dc                stdio_io_init
 .text.stdio_io_read
                0x0000000000400204       0x1c ./stdio_redirect/stdio_io.o
                0x0000000000400204                stdio_io_read
 .text.stdio_io_write
                0x0000000000400220       0x1c ./stdio_redirect/stdio_io.o
                0x0000000000400220                stdio_io_write
 .text.rt_tick_get
                0x000000000040023c        0xc ./rt-thread/src/clock.o
                0x000000000040023c                rt_tick_get
 .text.rt_tick_increase
                0x0000000000400248       0x38 ./rt-thread/src/clock.o
                0x0000000000400248                rt_tick_increase
 .text.rti_board_start
                0x0000000000400280        0x4 ./rt-thread/src/components.o
 .text.rti_board_end
                0x0000000000400284        0x4 ./rt-thread/src/components.o
 .text.rti_end  0x0000000000400288        0x4 ./rt-thread/src/components.o
 .text.rt_components_board_init
                0x000000000040028c       0x24 ./rt-thread/src/components.o
                0x000000000040028c                rt_components_board_init
 .text.rt_components_init
                0x00000000004002b0       0x24 ./rt-thread/src/components.o
                0x00000000004002b0                rt_components_init
 .text.main_thread_entry
                0x00000000004002d4        0xc ./rt-thread/src/components.o
                0x00000000004002d4                main_thread_entry
 .text.rt_application_init
                0x00000000004002e0       0x44 ./rt-thread/src/components.o
                0x00000000004002e0                rt_application_init
 .text.rtthread_startup
                0x0000000000400324       0x2a ./rt-thread/src/components.o
                0x0000000000400324                rtthread_startup
 *fill*         0x000000000040034e        0x2 
 .text.rt_device_write
                0x0000000000400350       0x74 ./rt-thread/src/device.o
                0x0000000000400350                rt_device_write
 .text.rt_thread_idle_excute
                0x00000000004003c4       0x78 ./rt-thread/src/idle.o
                0x00000000004003c4                rt_thread_idle_excute
 .text.rt_thread_idle_entry
                0x000000000040043c       0x24 ./rt-thread/src/idle.o
 .text.rt_thread_idle_init
                0x0000000000400460       0x48 ./rt-thread/src/idle.o
                0x0000000000400460                rt_thread_idle_init
 .text.rt_sem_init
                0x00000000004004a8       0x50 ./rt-thread/src/ipc.o
                0x00000000004004a8                rt_sem_init
 .text.rt_sem_take
                0x00000000004004f8      0x194 ./rt-thread/src/ipc.o
                0x00000000004004f8                rt_sem_take
 .text.rt_sem_release
                0x000000000040068c       0x90 ./rt-thread/src/ipc.o
                0x000000000040068c                rt_sem_release
 .text.rt_interrupt_enter
                0x000000000040071c       0x2c ./rt-thread/src/irq.o
                0x000000000040071c                rt_interrupt_enter
 .text.rt_interrupt_leave
                0x0000000000400748       0x2c ./rt-thread/src/irq.o
                0x0000000000400748                rt_interrupt_leave
 .text.rt_interrupt_get_nest
                0x0000000000400774       0x18 ./rt-thread/src/irq.o
                0x0000000000400774                rt_interrupt_get_nest
 .text.print_number
                0x000000000040078c      0x1c4 ./rt-thread/src/kservice.o
 .text.rt_set_errno
                0x0000000000400950       0x24 ./rt-thread/src/kservice.o
                0x0000000000400950                rt_set_errno
 .text.rt_memset
                0x0000000000400974       0xb2 ./rt-thread/src/kservice.o
                0x0000000000400974                rt_memset
 .text.rt_strncpy
                0x0000000000400a26       0x34 ./rt-thread/src/kservice.o
                0x0000000000400a26                rt_strncpy
 .text.rt_strlen
                0x0000000000400a5a       0x18 ./rt-thread/src/kservice.o
                0x0000000000400a5a                rt_strlen
 *fill*         0x0000000000400a72        0x2 
 .text.rt_vsnprintf
                0x0000000000400a74      0x368 ./rt-thread/src/kservice.o
                0x0000000000400a74                rt_vsnprintf
 .text.rt_vsprintf
                0x0000000000400ddc       0x10 ./rt-thread/src/kservice.o
                0x0000000000400ddc                rt_vsprintf
 .text.rt_sprintf
                0x0000000000400dec       0x1c ./rt-thread/src/kservice.o
                0x0000000000400dec                rt_sprintf
 .text.rt_kprintf
                0x0000000000400e08       0x54 ./rt-thread/src/kservice.o
                0x0000000000400e08                rt_kprintf
 .text.rt_show_version
                0x0000000000400e5c       0x40 ./rt-thread/src/kservice.o
                0x0000000000400e5c                rt_show_version
 .text.__rt_ffs
                0x0000000000400e9c       0x44 ./rt-thread/src/kservice.o
                0x0000000000400e9c                __rt_ffs
 .text.rt_assert_handler
                0x0000000000400ee0       0x38 ./rt-thread/src/kservice.o
                0x0000000000400ee0                rt_assert_handler
 .text.plug_holes
                0x0000000000400f18       0xb4 ./rt-thread/src/mem.o
 .text.rt_system_heap_init
                0x0000000000400fcc       0xbc ./rt-thread/src/mem.o
                0x0000000000400fcc                rt_system_heap_init
 .text.rt_malloc
                0x0000000000401088      0x1d4 ./rt-thread/src/mem.o
                0x0000000000401088                rt_malloc
 .text.rt_free  0x000000000040125c      0x164 ./rt-thread/src/mem.o
                0x000000000040125c                rt_free
 .text.rt_object_get_information
                0x00000000004013c0       0x28 ./rt-thread/src/object.o
                0x00000000004013c0                rt_object_get_information
 .text.rt_object_init
                0x00000000004013e8       0xac ./rt-thread/src/object.o
                0x00000000004013e8                rt_object_init
 .text.rt_object_detach
                0x0000000000401494       0x4c ./rt-thread/src/object.o
                0x0000000000401494                rt_object_detach
 .text.rt_object_allocate
                0x00000000004014e0       0xa8 ./rt-thread/src/object.o
                0x00000000004014e0                rt_object_allocate
 .text.rt_object_delete
                0x0000000000401588       0x6c ./rt-thread/src/object.o
                0x0000000000401588                rt_object_delete
 .text.rt_object_is_systemobject
                0x00000000004015f4       0x24 ./rt-thread/src/object.o
                0x00000000004015f4                rt_object_is_systemobject
 .text.rt_object_get_type
                0x0000000000401618       0x24 ./rt-thread/src/object.o
                0x0000000000401618                rt_object_get_type
 .text._get_highest_priority_thread
                0x000000000040163c       0x34 ./rt-thread/src/scheduler.o
 .text.rt_system_scheduler_init
                0x0000000000401670       0x44 ./rt-thread/src/scheduler.o
                0x0000000000401670                rt_system_scheduler_init
 .text.rt_schedule_insert_thread
                0x00000000004016b4       0x98 ./rt-thread/src/scheduler.o
                0x00000000004016b4                rt_schedule_insert_thread
 .text.rt_schedule_remove_thread
                0x000000000040174c       0x7c ./rt-thread/src/scheduler.o
                0x000000000040174c                rt_schedule_remove_thread
 .text.rt_system_scheduler_start
                0x00000000004017c8       0x2c ./rt-thread/src/scheduler.o
                0x00000000004017c8                rt_system_scheduler_start
 .text.rt_schedule
                0x00000000004017f4      0x144 ./rt-thread/src/scheduler.o
                0x00000000004017f4                rt_schedule
 .text.rt_enter_critical
                0x0000000000401938       0x18 ./rt-thread/src/scheduler.o
                0x0000000000401938                rt_enter_critical
 .text.rt_exit_critical
                0x0000000000401950       0x3c ./rt-thread/src/scheduler.o
                0x0000000000401950                rt_exit_critical
 .text._thread_cleanup_execute
                0x000000000040198c       0x1a ./rt-thread/src/thread.o
 *fill*         0x00000000004019a6        0x2 
 .text._rt_thread_init
                0x00000000004019a8       0xa8 ./rt-thread/src/thread.o
 .text.rt_thread_timeout
                0x0000000000401a50       0x7c ./rt-thread/src/thread.o
                0x0000000000401a50                rt_thread_timeout
 .text.rt_thread_exit
                0x0000000000401acc       0x5c ./rt-thread/src/thread.o
                0x0000000000401acc                rt_thread_exit
 .text.rt_thread_init
                0x0000000000401b28       0x70 ./rt-thread/src/thread.o
                0x0000000000401b28                rt_thread_init
 .text.rt_thread_self
                0x0000000000401b98        0xc ./rt-thread/src/thread.o
                0x0000000000401b98                rt_thread_self
 .text.rt_thread_create
                0x0000000000401ba4       0x50 ./rt-thread/src/thread.o
                0x0000000000401ba4                rt_thread_create
 .text.rt_thread_suspend
                0x0000000000401bf4       0xb0 ./rt-thread/src/thread.o
                0x0000000000401bf4                rt_thread_suspend
 .text.rt_thread_sleep
                0x0000000000401ca4       0x80 ./rt-thread/src/thread.o
                0x0000000000401ca4                rt_thread_sleep
 .text.rt_thread_delay
                0x0000000000401d24        0x8 ./rt-thread/src/thread.o
                0x0000000000401d24                rt_thread_delay
 .text.rt_thread_resume
                0x0000000000401d2c       0x8c ./rt-thread/src/thread.o
                0x0000000000401d2c                rt_thread_resume
 .text.rt_thread_startup
                0x0000000000401db8       0x94 ./rt-thread/src/thread.o
                0x0000000000401db8                rt_thread_startup
 .text.rt_timer_init
                0x0000000000401e4c       0x4c ./rt-thread/src/timer.o
                0x0000000000401e4c                rt_timer_init
 .text.rt_timer_detach
                0x0000000000401e98       0x78 ./rt-thread/src/timer.o
                0x0000000000401e98                rt_timer_detach
 .text.rt_timer_start
                0x0000000000401f10       0xe0 ./rt-thread/src/timer.o
                0x0000000000401f10                rt_timer_start
 .text.rt_timer_stop
                0x0000000000401ff0       0x7c ./rt-thread/src/timer.o
                0x0000000000401ff0                rt_timer_stop
 .text.rt_timer_control
                0x000000000040206c       0x84 ./rt-thread/src/timer.o
                0x000000000040206c                rt_timer_control
 .text.rt_timer_check
                0x00000000004020f0       0xec ./rt-thread/src/timer.o
                0x00000000004020f0                rt_timer_check
 .text.rt_system_timer_init
                0x00000000004021dc        0xc ./rt-thread/src/timer.o
                0x00000000004021dc                rt_system_timer_init
 .text.rt_system_timer_thread_init
                0x00000000004021e8        0x2 ./rt-thread/src/timer.o
                0x00000000004021e8                rt_system_timer_thread_init
 *fill*         0x00000000004021ea        0x2 
 .text          0x00000000004021ec      0x13c ./rt-thread/libcpu/arm/cortex-m7/context_gcc.o
                0x00000000004021ec                rt_hw_interrupt_disable
                0x00000000004021f4                rt_hw_interrupt_enable
                0x00000000004021fa                rt_hw_context_switch_interrupt
                0x00000000004021fa                rt_hw_context_switch
                0x000000000040221a                PendSV_Handler
                0x0000000000402286                rt_hw_context_switch_to
                0x00000000004022cc                rt_hw_interrupt_thread_switch
                0x00000000004022d0                HardFault_Handler
 .text.rt_hw_stack_init
                0x0000000000402328       0x4c ./rt-thread/libcpu/arm/cortex-m7/cpuport.o
                0x0000000000402328                rt_hw_stack_init
 .text.rt_hw_hard_fault_exception
                0x0000000000402374      0x380 ./rt-thread/libcpu/arm/cortex-m7/cpuport.o
                0x0000000000402374                rt_hw_hard_fault_exception
 .text.list_get_next
                0x00000000004026f4       0x64 ./rt-thread/components/finsh/cmd.o
 .text.list_thread
                0x0000000000402758      0x15c ./rt-thread/components/finsh/cmd.o
                0x0000000000402758                list_thread
 .text._dma_init
                0x00000000004028b4       0x68 ./hpl/xdmac/hpl_xdmac.o
                0x00000000004028b4                _dma_init
 .text.XDMAC_Handler
                0x000000000040291c       0x74 ./hpl/xdmac/hpl_xdmac.o
                0x000000000040291c                XDMAC_Handler
 .text._usb_d_dev_handle_setup
                0x0000000000402990       0x70 ./hpl/usbhs/hpl_usbhs.o
 .text._usb_d_dev_trans_done
                0x0000000000402a00       0x2c ./hpl/usbhs/hpl_usbhs.o
 .text._usb_d_dev_reset_epts
                0x0000000000402a2c       0x4c ./hpl/usbhs/hpl_usbhs.o
 .text._usb_d_dev_dma_next
                0x0000000000402a78       0xe0 ./hpl/usbhs/hpl_usbhs.o
 .text._usb_d_dev_trans_stop
                0x0000000000402b58       0x3c ./hpl/usbhs/hpl_usbhs.o
 .text.USBHS_Handler
                0x0000000000402b94      0x3f4 ./hpl/usbhs/hpl_usbhs.o
                0x0000000000402b94                USBHS_Handler
 .text._get_usart_index
                0x0000000000402f88        0x4 ./hpl/usart/hpl_usart.o
 .text._usart_sync_init
                0x0000000000402f8c       0x4c ./hpl/usart/hpl_usart.o
                0x0000000000402f8c                _usart_sync_init
 .text._usart_sync_enable
                0x0000000000402fd8        0x8 ./hpl/usart/hpl_usart.o
                0x0000000000402fd8                _usart_sync_enable
 .text._usart_sync_write_byte
                0x0000000000402fe0        0x6 ./hpl/usart/hpl_usart.o
                0x0000000000402fe0                _usart_sync_write_byte
 .text._usart_sync_read_byte
                0x0000000000402fe6        0x8 ./hpl/usart/hpl_usart.o
                0x0000000000402fe6                _usart_sync_read_byte
 .text._usart_sync_is_ready_to_send
                0x0000000000402fee        0xa ./hpl/usart/hpl_usart.o
                0x0000000000402fee                _usart_sync_is_ready_to_send
 .text._usart_sync_is_transmit_done
                0x0000000000402ff8        0xa ./hpl/usart/hpl_usart.o
                0x0000000000402ff8                _usart_sync_is_transmit_done
 .text._usart_sync_is_byte_received
                0x0000000000403002        0xa ./hpl/usart/hpl_usart.o
                0x0000000000403002                _usart_sync_is_byte_received
 .text._usart_get_usart_sync
                0x000000000040300c        0x4 ./hpl/usart/hpl_usart.o
                0x000000000040300c                _usart_get_usart_sync
 .text._i2c_m_sync_init
                0x0000000000403010       0x30 ./hpl/twihs/hpl_twihs.o
                0x0000000000403010                _i2c_m_sync_init
 .text._i2c_m_sync_transfer
                0x0000000000403040      0x168 ./hpl/twihs/hpl_twihs.o
                0x0000000000403040                _i2c_m_sync_transfer
 .text.tc_pwm_interrupt_handler
                0x00000000004031a8       0x1e ./hpl/tc/hpl_tc.o
 *fill*         0x00000000004031c6        0x2 
 .text.TC0_Handler
                0x00000000004031c8       0x10 ./hpl/tc/hpl_tc.o
                0x00000000004031c8                TC0_Handler
 .text.TC3_Handler
                0x00000000004031d8       0x10 ./hpl/tc/hpl_tc.o
                0x00000000004031d8                TC3_Handler
 .text.TC6_Handler
                0x00000000004031e8       0x10 ./hpl/tc/hpl_tc.o
                0x00000000004031e8                TC6_Handler
 .text.TC9_Handler
                0x00000000004031f8       0x10 ./hpl/tc/hpl_tc.o
                0x00000000004031f8                TC9_Handler
 .text._spi_m_sync_init
                0x0000000000403208       0x4c ./hpl/spi/hpl_spi.o
                0x0000000000403208                _spi_m_sync_init
 .text._spi_m_sync_trans
                0x0000000000403254       0x92 ./hpl/spi/hpl_spi.o
                0x0000000000403254                _spi_m_sync_trans
 .text._spi_get_spi_m_sync
                0x00000000004032e6        0x4 ./hpl/spi/hpl_spi.o
                0x00000000004032e6                _spi_get_spi_m_sync
 *fill*         0x00000000004032ea        0x2 
 .text.RTC_Handler
                0x00000000004032ec       0x38 ./hpl/rtc/hpl_rtc.o
                0x00000000004032ec                RTC_Handler
 .text._pwm_interrupt_handler
                0x0000000000403324       0x10 ./hpl/pwm/hpl_pwm.o
 .text.PWM0_Handler
                0x0000000000403334       0x10 ./hpl/pwm/hpl_pwm.o
                0x0000000000403334                PWM0_Handler
 .text.PWM1_Handler
                0x0000000000403344       0x10 ./hpl/pwm/hpl_pwm.o
                0x0000000000403344                PWM1_Handler
 .text._pmc_init
                0x0000000000403354       0xf4 ./hpl/pmc/hpl_pmc.o
                0x0000000000403354                _pmc_init
 .text._ffs     0x0000000000403448       0x44 ./hpl/pio/hpl_pio_ext.o
 .text.PIOC_Handler
                0x000000000040348c       0x7c ./hpl/pio/hpl_pio_ext.o
                0x000000000040348c                PIOC_Handler
 .text._can_irq_handler
                0x0000000000403508       0x72 ./hpl/mcan/hpl_mcan.o
 *fill*         0x000000000040357a        0x2 
 .text._can_async_init
                0x000000000040357c      0x1dc ./hpl/mcan/hpl_mcan.o
                0x000000000040357c                _can_async_init
 .text.MCAN0_INT0_Handler
                0x0000000000403758       0x10 ./hpl/mcan/hpl_mcan.o
                0x0000000000403758                MCAN0_INT0_Handler
 .text.MCAN1_INT0_Handler
                0x0000000000403768       0x10 ./hpl/mcan/hpl_mcan.o
                0x0000000000403768                MCAN1_INT0_Handler
 .text._mac_async_init
                0x0000000000403778      0x110 ./hpl/gmac/hpl_gmac.o
                0x0000000000403778                _mac_async_init
 .text.GMAC_Handler
                0x0000000000403888       0x6c ./hpl/gmac/hpl_gmac.o
                0x0000000000403888                GMAC_Handler
 .text.EFC_Handler
                0x00000000004038f4       0x1c ./hpl/efc/hpl_efc.o
                0x00000000004038f4                EFC_Handler
 .text._init_chip
                0x0000000000403910       0x64 ./hpl/core/hpl_init.o
                0x0000000000403910                _init_chip
 .text._sbrk    0x0000000000403974       0x24 ./hal/utils/src/utils_syscalls.o
                0x0000000000403974                _sbrk
 .text._close   0x0000000000403998        0x6 ./hal/utils/src/utils_syscalls.o
                0x0000000000403998                _close
 .text._fstat   0x000000000040399e        0xa ./hal/utils/src/utils_syscalls.o
                0x000000000040399e                _fstat
 .text._isatty  0x00000000004039a8        0x4 ./hal/utils/src/utils_syscalls.o
                0x00000000004039a8                _isatty
 .text._lseek   0x00000000004039ac        0x4 ./hal/utils/src/utils_syscalls.o
                0x00000000004039ac                _lseek
 .text._exit    0x00000000004039b0       0x10 ./hal/utils/src/utils_syscalls.o
                0x00000000004039b0                _exit
 .text._kill    0x00000000004039c0        0x2 ./hal/utils/src/utils_syscalls.o
                0x00000000004039c0                _kill
 .text._getpid  0x00000000004039c2        0x6 ./hal/utils/src/utils_syscalls.o
                0x00000000004039c2                _getpid
 .text.atomic_enter_critical
                0x00000000004039c8        0xe ./hal/src/hal_atomic.o
                0x00000000004039c8                atomic_enter_critical
 .text.atomic_leave_critical
                0x00000000004039d6        0xc ./hal/src/hal_atomic.o
                0x00000000004039d6                atomic_leave_critical
 .text.can_tx_done
                0x00000000004039e2        0xa ./hal/src/hal_can_async.o
 .text.can_rx_done
                0x00000000004039ec        0xa ./hal/src/hal_can_async.o
 .text.can_irq_handler
                0x00000000004039f6        0xa ./hal/src/hal_can_async.o
 .text.can_async_init
                0x0000000000403a00       0x24 ./hal/src/hal_can_async.o
                0x0000000000403a00                can_async_init
 .text.i2c_m_sync_write
                0x0000000000403a24       0x2a ./hal/src/hal_i2c_m_sync.o
 .text.i2c_m_sync_read
                0x0000000000403a4e       0x2a ./hal/src/hal_i2c_m_sync.o
 .text.i2c_m_sync_init
                0x0000000000403a78       0x1c ./hal/src/hal_i2c_m_sync.o
                0x0000000000403a78                i2c_m_sync_init
 .text.io_write
                0x0000000000403a94        0x8 ./hal/src/hal_io.o
                0x0000000000403a94                io_write
 .text.io_read  0x0000000000403a9c        0x8 ./hal/src/hal_io.o
                0x0000000000403a9c                io_read
 .text.mac_async_init
                0x0000000000403aa4        0x8 ./hal/src/hal_mac_async.o
                0x0000000000403aa4                mac_async_init
 .text.spi_m_sync_set_func_ptr
                0x0000000000403aac        0x4 ./hal/src/hal_spi_m_sync.o
                0x0000000000403aac                spi_m_sync_set_func_ptr
 .text.spi_m_sync_init
                0x0000000000403ab0       0x2c ./hal/src/hal_spi_m_sync.o
                0x0000000000403ab0                spi_m_sync_init
 .text.spi_m_sync_transfer
                0x0000000000403adc       0x1e ./hal/src/hal_spi_m_sync.o
                0x0000000000403adc                spi_m_sync_transfer
 .text._spi_m_sync_io_write
                0x0000000000403afa       0x1a ./hal/src/hal_spi_m_sync.o
 .text._spi_m_sync_io_read
                0x0000000000403b14       0x1a ./hal/src/hal_spi_m_sync.o
 .text.usart_sync_write
                0x0000000000403b2e       0x48 ./hal/src/hal_usart_sync.o
 .text.usart_sync_read
                0x0000000000403b76       0x32 ./hal/src/hal_usart_sync.o
 .text.usart_sync_init
                0x0000000000403ba8       0x20 ./hal/src/hal_usart_sync.o
                0x0000000000403ba8                usart_sync_init
 .text.usart_sync_enable
                0x0000000000403bc8        0xc ./hal/src/hal_usart_sync.o
                0x0000000000403bc8                usart_sync_enable
 .text.usart_sync_get_io_descriptor
                0x0000000000403bd4        0x6 ./hal/src/hal_usart_sync.o
                0x0000000000403bd4                usart_sync_get_io_descriptor
 .text.atmel_start_init
                0x0000000000403bda        0xc ./common/atmel_start.o
                0x0000000000403bda                atmel_start_init
 *fill*         0x0000000000403be6        0x2 
 .text.SPI_0_PORT_init
                0x0000000000403be8       0x4c ./common/driver_init.o
                0x0000000000403be8                SPI_0_PORT_init
 .text.SPI_0_CLOCK_init
                0x0000000000403c34       0x18 ./common/driver_init.o
                0x0000000000403c34                SPI_0_CLOCK_init
 .text.SPI_0_init
                0x0000000000403c4c       0x2c ./common/driver_init.o
                0x0000000000403c4c                SPI_0_init
 .text.I2C_AT24MAC_PORT_init
                0x0000000000403c78       0x30 ./common/driver_init.o
                0x0000000000403c78                I2C_AT24MAC_PORT_init
 .text.I2C_AT24MAC_CLOCK_init
                0x0000000000403ca8       0x18 ./common/driver_init.o
                0x0000000000403ca8                I2C_AT24MAC_CLOCK_init
 .text.I2C_AT24MAC_init
                0x0000000000403cc0       0x1c ./common/driver_init.o
                0x0000000000403cc0                I2C_AT24MAC_init
 .text.TARGET_IO_PORT_init
                0x0000000000403cdc       0x4c ./common/driver_init.o
                0x0000000000403cdc                TARGET_IO_PORT_init
 .text.TARGET_IO_CLOCK_init
                0x0000000000403d28       0x18 ./common/driver_init.o
                0x0000000000403d28                TARGET_IO_CLOCK_init
 .text.TARGET_IO_init
                0x0000000000403d40       0x24 ./common/driver_init.o
                0x0000000000403d40                TARGET_IO_init
 .text.MACIF_PORT_init
                0x0000000000403d64       0xd4 ./common/driver_init.o
                0x0000000000403d64                MACIF_PORT_init
 .text.MACIF_CLOCK_init
                0x0000000000403e38       0x1c ./common/driver_init.o
                0x0000000000403e38                MACIF_CLOCK_init
 .text.MACIF_init
                0x0000000000403e54       0x1c ./common/driver_init.o
                0x0000000000403e54                MACIF_init
 .text.CAN_Node0_CLOCK_init
                0x0000000000403e70       0x1c ./common/driver_init.o
                0x0000000000403e70                CAN_Node0_CLOCK_init
 .text.CAN_Node0_PORT_init
                0x0000000000403e8c       0x30 ./common/driver_init.o
                0x0000000000403e8c                CAN_Node0_PORT_init
 .text.CAN_Node0_init
                0x0000000000403ebc       0x1c ./common/driver_init.o
                0x0000000000403ebc                CAN_Node0_init
 .text.CAN_Node1_CLOCK_init
                0x0000000000403ed8       0x1c ./common/driver_init.o
                0x0000000000403ed8                CAN_Node1_CLOCK_init
 .text.CAN_Node1_PORT_init
                0x0000000000403ef4       0x34 ./common/driver_init.o
                0x0000000000403ef4                CAN_Node1_PORT_init
 .text.CAN_Node1_init
                0x0000000000403f28       0x1c ./common/driver_init.o
                0x0000000000403f28                CAN_Node1_init
 .text.system_init
                0x0000000000403f44       0x68 ./common/driver_init.o
                0x0000000000403f44                system_init
 .text.stdio_redirect_init
                0x0000000000403fac       0x18 ./common/stdio_start.o
                0x0000000000403fac                stdio_redirect_init
 .text.rt_hw_console_output
                0x0000000000403fc4       0x1c ./board/board.o
                0x0000000000403fc4                rt_hw_console_output
 .text.SysTick_Handler
                0x0000000000403fe0       0x10 ./board/board.o
                0x0000000000403fe0                SysTick_Handler
 .text.rt_hw_board_init
                0x0000000000403ff0       0x80 ./board/board.o
                0x0000000000403ff0                rt_hw_board_init
 .text.Dummy_Handler
                0x0000000000404070        0x2 ./Device_Startup/startup_same70q21b.o
                0x0000000000404070                DACC_Handler
                0x0000000000404070                SVCall_Handler
                0x0000000000404070                UART3_Handler
                0x0000000000404070                UART2_Handler
                0x0000000000404070                TRNG_Handler
                0x0000000000404070                TC2_Handler
                0x0000000000404070                AFEC1_Handler
                0x0000000000404070                TC7_Handler
                0x0000000000404070                QSPI_Handler
                0x0000000000404070                NonMaskableInt_Handler
                0x0000000000404070                ISI_Handler
                0x0000000000404070                RSWDT_Handler
                0x0000000000404070                USART0_Handler
                0x0000000000404070                RTT_Handler
                0x0000000000404070                IXC_Handler
                0x0000000000404070                CCF_Handler
                0x0000000000404070                PIOB_Handler
                0x0000000000404070                UsageFault_Handler
                0x0000000000404070                WDT_Handler
                0x0000000000404070                MCAN1_INT1_Handler
                0x0000000000404070                TC4_Handler
                0x0000000000404070                TC1_Handler
                0x0000000000404070                HSMCI_Handler
                0x0000000000404070                UART1_Handler
                0x0000000000404070                Dummy_Handler
                0x0000000000404070                TWIHS1_Handler
                0x0000000000404070                UART4_Handler
                0x0000000000404070                USART1_Handler
                0x0000000000404070                PIOA_Handler
                0x0000000000404070                AFEC0_Handler
                0x0000000000404070                CCW_Handler
                0x0000000000404070                SSC_Handler
                0x0000000000404070                TC11_Handler
                0x0000000000404070                ACC_Handler
                0x0000000000404070                PMC_Handler
                0x0000000000404070                MCAN0_INT1_Handler
                0x0000000000404070                GMAC_Q5_Handler
                0x0000000000404070                SUPC_Handler
                0x0000000000404070                TC8_Handler
                0x0000000000404070                GMAC_Q1_Handler
                0x0000000000404070                USART2_Handler
                0x0000000000404070                SDRAMC_Handler
                0x0000000000404070                GMAC_Q2_Handler
                0x0000000000404070                PIOE_Handler
                0x0000000000404070                SPI1_Handler
                0x0000000000404070                TC10_Handler
                0x0000000000404070                GMAC_Q3_Handler
                0x0000000000404070                PIOD_Handler
                0x0000000000404070                TWIHS2_Handler
                0x0000000000404070                I2SC0_Handler
                0x0000000000404070                UART0_Handler
                0x0000000000404070                I2SC1_Handler
                0x0000000000404070                GMAC_Q4_Handler
                0x0000000000404070                FPU_Handler
                0x0000000000404070                BusFault_Handler
                0x0000000000404070                RSTC_Handler
                0x0000000000404070                MemoryManagement_Handler
                0x0000000000404070                DebugMonitor_Handler
                0x0000000000404070                TC5_Handler
                0x0000000000404070                ICM_Handler
                0x0000000000404070                AES_Handler
                0x0000000000404070                TWIHS0_Handler
                0x0000000000404070                SPI0_Handler
 *fill*         0x0000000000404072        0x2 
 .text.Reset_Handler
                0x0000000000404074       0x80 ./Device_Startup/startup_same70q21b.o
                0x0000000000404074                Reset_Handler
 .text.main     0x00000000004040f4        0xa ./main.o
                0x00000000004040f4                main
 *fill*         0x00000000004040fe        0x2 
 .text.led_thread_entry
                0x0000000000404100       0x1c ./rtos_start.o
 .text.RT_V403X_start
                0x000000000040411c       0x34 ./rtos_start.o
                0x000000000040411c                RT_V403X_start
 .text.selfrel_offset31
                0x0000000000404150       0x14 c:/workspace/tools/eclipse-embedcpp/xpack-arm-none-eabi-gcc-10.2.1-1.1/bin/../lib/gcc/arm-none-eabi/10.2.1/thumb/v7e-m+dp/hard\libgcc.a(unwind-arm.o)
 .text.search_EIT_table
                0x0000000000404164       0x5c c:/workspace/tools/eclipse-embedcpp/xpack-arm-none-eabi-gcc-10.2.1-1.1/bin/../lib/gcc/arm-none-eabi/10.2.1/thumb/v7e-m+dp/hard\libgcc.a(unwind-arm.o)
 .text.__gnu_unwind_get_pr_addr
                0x00000000004041c0       0x28 c:/workspace/tools/eclipse-embedcpp/xpack-arm-none-eabi-gcc-10.2.1-1.1/bin/../lib/gcc/arm-none-eabi/10.2.1/thumb/v7e-m+dp/hard\libgcc.a(unwind-arm.o)
 .text.get_eit_entry
                0x00000000004041e8       0x9c c:/workspace/tools/eclipse-embedcpp/xpack-arm-none-eabi-gcc-10.2.1-1.1/bin/../lib/gcc/arm-none-eabi/10.2.1/thumb/v7e-m+dp/hard\libgcc.a(unwind-arm.o)
 .text.restore_non_core_regs
                0x0000000000404284       0x58 c:/workspace/tools/eclipse-embedcpp/xpack-arm-none-eabi-gcc-10.2.1-1.1/bin/../lib/gcc/arm-none-eabi/10.2.1/thumb/v7e-m+dp/hard\libgcc.a(unwind-arm.o)
 .text._Unwind_decode_typeinfo_ptr.constprop.0
                0x00000000004042dc        0xc c:/workspace/tools/eclipse-embedcpp/xpack-arm-none-eabi-gcc-10.2.1-1.1/bin/../lib/gcc/arm-none-eabi/10.2.1/thumb/v7e-m+dp/hard\libgcc.a(unwind-arm.o)
 .text._Unwind_DebugHook
                0x00000000004042e8        0x4 c:/workspace/tools/eclipse-embedcpp/xpack-arm-none-eabi-gcc-10.2.1-1.1/bin/../lib/gcc/arm-none-eabi/10.2.1/thumb/v7e-m+dp/hard\libgcc.a(unwind-arm.o)
 .text.unwind_phase2
                0x00000000004042ec       0x3c c:/workspace/tools/eclipse-embedcpp/xpack-arm-none-eabi-gcc-10.2.1-1.1/bin/../lib/gcc/arm-none-eabi/10.2.1/thumb/v7e-m+dp/hard\libgcc.a(unwind-arm.o)
 .text.unwind_phase2_forced
                0x0000000000404328       0xcc c:/workspace/tools/eclipse-embedcpp/xpack-arm-none-eabi-gcc-10.2.1-1.1/bin/../lib/gcc/arm-none-eabi/10.2.1/thumb/v7e-m+dp/hard\libgcc.a(unwind-arm.o)
 .text.__gnu_Unwind_RaiseException
                0x00000000004043f4       0x68 c:/workspace/tools/eclipse-embedcpp/xpack-arm-none-eabi-gcc-10.2.1-1.1/bin/../lib/gcc/arm-none-eabi/10.2.1/thumb/v7e-m+dp/hard\libgcc.a(unwind-arm.o)
                0x00000000004043f4                __gnu_Unwind_RaiseException
 .text.__gnu_Unwind_ForcedUnwind
                0x000000000040445c       0x10 c:/workspace/tools/eclipse-embedcpp/xpack-arm-none-eabi-gcc-10.2.1-1.1/bin/../lib/gcc/arm-none-eabi/10.2.1/thumb/v7e-m+dp/hard\libgcc.a(unwind-arm.o)
                0x000000000040445c                __gnu_Unwind_ForcedUnwind
 .text.__gnu_Unwind_Resume
                0x000000000040446c       0x44 c:/workspace/tools/eclipse-embedcpp/xpack-arm-none-eabi-gcc-10.2.1-1.1/bin/../lib/gcc/arm-none-eabi/10.2.1/thumb/v7e-m+dp/hard\libgcc.a(unwind-arm.o)
                0x000000000040446c                __gnu_Unwind_Resume
 .text.__gnu_Unwind_Resume_or_Rethrow
                0x00000000004044b0       0x14 c:/workspace/tools/eclipse-embedcpp/xpack-arm-none-eabi-gcc-10.2.1-1.1/bin/../lib/gcc/arm-none-eabi/10.2.1/thumb/v7e-m+dp/hard\libgcc.a(unwind-arm.o)
                0x00000000004044b0                __gnu_Unwind_Resume_or_Rethrow
 .text._Unwind_VRS_Get
                0x00000000004044c4       0x30 c:/workspace/tools/eclipse-embedcpp/xpack-arm-none-eabi-gcc-10.2.1-1.1/bin/../lib/gcc/arm-none-eabi/10.2.1/thumb/v7e-m+dp/hard\libgcc.a(unwind-arm.o)
                0x00000000004044c4                _Unwind_VRS_Get
 .text._Unwind_GetGR
                0x00000000004044f4       0x1c c:/workspace/tools/eclipse-embedcpp/xpack-arm-none-eabi-gcc-10.2.1-1.1/bin/../lib/gcc/arm-none-eabi/10.2.1/thumb/v7e-m+dp/hard\libgcc.a(unwind-arm.o)
 .text._Unwind_VRS_Set
                0x0000000000404510       0x30 c:/workspace/tools/eclipse-embedcpp/xpack-arm-none-eabi-gcc-10.2.1-1.1/bin/../lib/gcc/arm-none-eabi/10.2.1/thumb/v7e-m+dp/hard\libgcc.a(unwind-arm.o)
                0x0000000000404510                _Unwind_VRS_Set
 .text._Unwind_SetGR
                0x0000000000404540       0x18 c:/workspace/tools/eclipse-embedcpp/xpack-arm-none-eabi-gcc-10.2.1-1.1/bin/../lib/gcc/arm-none-eabi/10.2.1/thumb/v7e-m+dp/hard\libgcc.a(unwind-arm.o)
 .text.__gnu_Unwind_Backtrace
                0x0000000000404558       0x84 c:/workspace/tools/eclipse-embedcpp/xpack-arm-none-eabi-gcc-10.2.1-1.1/bin/../lib/gcc/arm-none-eabi/10.2.1/thumb/v7e-m+dp/hard\libgcc.a(unwind-arm.o)
                0x0000000000404558                __gnu_Unwind_Backtrace
 .text.__gnu_unwind_pr_common
                0x00000000004045dc      0x2a8 c:/workspace/tools/eclipse-embedcpp/xpack-arm-none-eabi-gcc-10.2.1-1.1/bin/../lib/gcc/arm-none-eabi/10.2.1/thumb/v7e-m+dp/hard\libgcc.a(unwind-arm.o)
 .text.__aeabi_unwind_cpp_pr0
                0x0000000000404884        0x8 c:/workspace/tools/eclipse-embedcpp/xpack-arm-none-eabi-gcc-10.2.1-1.1/bin/../lib/gcc/arm-none-eabi/10.2.1/thumb/v7e-m+dp/hard\libgcc.a(unwind-arm.o)
                0x0000000000404884                __aeabi_unwind_cpp_pr0
 .text.__aeabi_unwind_cpp_pr1
                0x000000000040488c        0x8 c:/workspace/tools/eclipse-embedcpp/xpack-arm-none-eabi-gcc-10.2.1-1.1/bin/../lib/gcc/arm-none-eabi/10.2.1/thumb/v7e-m+dp/hard\libgcc.a(unwind-arm.o)
                0x000000000040488c                __aeabi_unwind_cpp_pr1
 .text.__aeabi_unwind_cpp_pr2
                0x0000000000404894        0x8 c:/workspace/tools/eclipse-embedcpp/xpack-arm-none-eabi-gcc-10.2.1-1.1/bin/../lib/gcc/arm-none-eabi/10.2.1/thumb/v7e-m+dp/hard\libgcc.a(unwind-arm.o)
                0x0000000000404894                __aeabi_unwind_cpp_pr2
 .text._Unwind_VRS_Pop
                0x000000000040489c      0x284 c:/workspace/tools/eclipse-embedcpp/xpack-arm-none-eabi-gcc-10.2.1-1.1/bin/../lib/gcc/arm-none-eabi/10.2.1/thumb/v7e-m+dp/hard\libgcc.a(unwind-arm.o)
                0x000000000040489c                _Unwind_VRS_Pop
 .text          0x0000000000404b20      0x1ac c:/workspace/tools/eclipse-embedcpp/xpack-arm-none-eabi-gcc-10.2.1-1.1/bin/../lib/gcc/arm-none-eabi/10.2.1/thumb/v7e-m+dp/hard\libgcc.a(libunwind.o)
                0x0000000000404b20                __restore_core_regs
                0x0000000000404b20                restore_core_regs
                0x0000000000404b38                __gnu_Unwind_Restore_VFP
                0x0000000000404b40                __gnu_Unwind_Save_VFP
                0x0000000000404b48                __gnu_Unwind_Restore_VFP_D
                0x0000000000404b50                __gnu_Unwind_Save_VFP_D
                0x0000000000404b58                __gnu_Unwind_Restore_VFP_D_16_to_31
                0x0000000000404b60                __gnu_Unwind_Save_VFP_D_16_to_31
                0x0000000000404b68                __gnu_Unwind_Restore_WMMXD
                0x0000000000404bac                __gnu_Unwind_Save_WMMXD
                0x0000000000404bf0                __gnu_Unwind_Restore_WMMXC
                0x0000000000404c04                __gnu_Unwind_Save_WMMXC
                0x0000000000404c18                ___Unwind_RaiseException
                0x0000000000404c18                _Unwind_RaiseException
                0x0000000000404c3c                _Unwind_Resume
                0x0000000000404c3c                ___Unwind_Resume
                0x0000000000404c60                _Unwind_Resume_or_Rethrow
                0x0000000000404c60                ___Unwind_Resume_or_Rethrow
                0x0000000000404c84                _Unwind_ForcedUnwind
                0x0000000000404c84                ___Unwind_ForcedUnwind
                0x0000000000404ca8                ___Unwind_Backtrace
                0x0000000000404ca8                _Unwind_Backtrace
 .text.next_unwind_byte
                0x0000000000404ccc       0x38 c:/workspace/tools/eclipse-embedcpp/xpack-arm-none-eabi-gcc-10.2.1-1.1/bin/../lib/gcc/arm-none-eabi/10.2.1/thumb/v7e-m+dp/hard\libgcc.a(pr-support.o)
 .text.__gnu_unwind_execute
                0x0000000000404d04      0x2ac c:/workspace/tools/eclipse-embedcpp/xpack-arm-none-eabi-gcc-10.2.1-1.1/bin/../lib/gcc/arm-none-eabi/10.2.1/thumb/v7e-m+dp/hard\libgcc.a(pr-support.o)
                0x0000000000404d04                __gnu_unwind_execute
 .text.abort    0x0000000000404fb0       0x10 c:/workspace/tools/eclipse-embedcpp/xpack-arm-none-eabi-gcc-10.2.1-1.1/bin/../lib/gcc/arm-none-eabi/10.2.1/../../../../arm-none-eabi/lib/thumb/v7e-m+dp/hard\libg.a(lib_a-abort.o)
                0x0000000000404fb0                abort
 .text.__libc_init_array
                0x0000000000404fc0       0x48 c:/workspace/tools/eclipse-embedcpp/xpack-arm-none-eabi-gcc-10.2.1-1.1/bin/../lib/gcc/arm-none-eabi/10.2.1/../../../../arm-none-eabi/lib/thumb/v7e-m+dp/hard\libg.a(lib_a-init.o)
                0x0000000000404fc0                __libc_init_array
 .text          0x0000000000405008      0x134 c:/workspace/tools/eclipse-embedcpp/xpack-arm-none-eabi-gcc-10.2.1-1.1/bin/../lib/gcc/arm-none-eabi/10.2.1/../../../../arm-none-eabi/lib/thumb/v7e-m+dp/hard\libg.a(lib_a-memcpy.o)
                0x0000000000405008                memcpy
 .text.memset   0x000000000040513c       0xa4 c:/workspace/tools/eclipse-embedcpp/xpack-arm-none-eabi-gcc-10.2.1-1.1/bin/../lib/gcc/arm-none-eabi/10.2.1/../../../../arm-none-eabi/lib/thumb/v7e-m+dp/hard\libg.a(lib_a-memset.o)
                0x000000000040513c                memset
 .text.printf   0x00000000004051e0       0x28 c:/workspace/tools/eclipse-embedcpp/xpack-arm-none-eabi-gcc-10.2.1-1.1/bin/../lib/gcc/arm-none-eabi/10.2.1/../../../../arm-none-eabi/lib/thumb/v7e-m+dp/hard\libg.a(lib_a-printf.o)
                0x00000000004051e0                printf
 .text._puts_r  0x0000000000405208       0x9c c:/workspace/tools/eclipse-embedcpp/xpack-arm-none-eabi-gcc-10.2.1-1.1/bin/../lib/gcc/arm-none-eabi/10.2.1/../../../../arm-none-eabi/lib/thumb/v7e-m+dp/hard\libg.a(lib_a-puts.o)
                0x0000000000405208                _puts_r
 .text.puts     0x00000000004052a4       0x10 c:/workspace/tools/eclipse-embedcpp/xpack-arm-none-eabi-gcc-10.2.1-1.1/bin/../lib/gcc/arm-none-eabi/10.2.1/../../../../arm-none-eabi/lib/thumb/v7e-m+dp/hard\libg.a(lib_a-puts.o)
                0x00000000004052a4                puts
 .text.setbuf   0x00000000004052b4       0x10 c:/workspace/tools/eclipse-embedcpp/xpack-arm-none-eabi-gcc-10.2.1-1.1/bin/../lib/gcc/arm-none-eabi/10.2.1/../../../../arm-none-eabi/lib/thumb/v7e-m+dp/hard\libg.a(lib_a-setbuf.o)
                0x00000000004052b4                setbuf
 .text.setvbuf  0x00000000004052c4      0x1b0 c:/workspace/tools/eclipse-embedcpp/xpack-arm-none-eabi-gcc-10.2.1-1.1/bin/../lib/gcc/arm-none-eabi/10.2.1/../../../../arm-none-eabi/lib/thumb/v7e-m+dp/hard\libg.a(lib_a-setvbuf.o)
                0x00000000004052c4                setvbuf
 .text.raise    0x0000000000405474       0x5c c:/workspace/tools/eclipse-embedcpp/xpack-arm-none-eabi-gcc-10.2.1-1.1/bin/../lib/gcc/arm-none-eabi/10.2.1/../../../../arm-none-eabi/lib/thumb/v7e-m+dp/hard\libg.a(lib_a-signal.o)
                0x0000000000405474                raise
 .text._kill_r  0x00000000004054d0       0x2c c:/workspace/tools/eclipse-embedcpp/xpack-arm-none-eabi-gcc-10.2.1-1.1/bin/../lib/gcc/arm-none-eabi/10.2.1/../../../../arm-none-eabi/lib/thumb/v7e-m+dp/hard\libg.a(lib_a-signalr.o)
                0x00000000004054d0                _kill_r
 .text._getpid_r
                0x00000000004054fc        0x4 c:/workspace/tools/eclipse-embedcpp/xpack-arm-none-eabi-gcc-10.2.1-1.1/bin/../lib/gcc/arm-none-eabi/10.2.1/../../../../arm-none-eabi/lib/thumb/v7e-m+dp/hard\libg.a(lib_a-signalr.o)
                0x00000000004054fc                _getpid_r
 .text          0x0000000000405500       0xdc c:/workspace/tools/eclipse-embedcpp/xpack-arm-none-eabi-gcc-10.2.1-1.1/bin/../lib/gcc/arm-none-eabi/10.2.1/../../../../arm-none-eabi/lib/thumb/v7e-m+dp/hard\libg.a(lib_a-strlen.o)
                0x0000000000405500                strlen
 .text.strncpy  0x00000000004055dc       0x64 c:/workspace/tools/eclipse-embedcpp/xpack-arm-none-eabi-gcc-10.2.1-1.1/bin/../lib/gcc/arm-none-eabi/10.2.1/../../../../arm-none-eabi/lib/thumb/v7e-m+dp/hard\libg.a(lib_a-strncpy.o)
                0x00000000004055dc                strncpy
 .text._vfprintf_r
                0x0000000000405640     0x1aa0 c:/workspace/tools/eclipse-embedcpp/xpack-arm-none-eabi-gcc-10.2.1-1.1/bin/../lib/gcc/arm-none-eabi/10.2.1/../../../../arm-none-eabi/lib/thumb/v7e-m+dp/hard\libg.a(lib_a-vfprintf.o)
                0x0000000000405640                _vfprintf_r
 .text.__sbprintf
                0x00000000004070e0       0x80 c:/workspace/tools/eclipse-embedcpp/xpack-arm-none-eabi-gcc-10.2.1-1.1/bin/../lib/gcc/arm-none-eabi/10.2.1/../../../../arm-none-eabi/lib/thumb/v7e-m+dp/hard\libg.a(lib_a-vfprintf.o)
 .text.__swsetup_r
                0x0000000000407160       0xd4 c:/workspace/tools/eclipse-embedcpp/xpack-arm-none-eabi-gcc-10.2.1-1.1/bin/../lib/gcc/arm-none-eabi/10.2.1/../../../../arm-none-eabi/lib/thumb/v7e-m+dp/hard\libg.a(lib_a-wsetup.o)
                0x0000000000407160                __swsetup_r
 .text.startup.register_fini
                0x0000000000407234       0x14 c:/workspace/tools/eclipse-embedcpp/xpack-arm-none-eabi-gcc-10.2.1-1.1/bin/../lib/gcc/arm-none-eabi/10.2.1/../../../../arm-none-eabi/lib/thumb/v7e-m+dp/hard\libg.a(lib_a-__call_atexit.o)
 .text.quorem   0x0000000000407248      0x128 c:/workspace/tools/eclipse-embedcpp/xpack-arm-none-eabi-gcc-10.2.1-1.1/bin/../lib/gcc/arm-none-eabi/10.2.1/../../../../arm-none-eabi/lib/thumb/v7e-m+dp/hard\libg.a(lib_a-dtoa.o)
 .text._dtoa_r  0x0000000000407370      0xcd8 c:/workspace/tools/eclipse-embedcpp/xpack-arm-none-eabi-gcc-10.2.1-1.1/bin/../lib/gcc/arm-none-eabi/10.2.1/../../../../arm-none-eabi/lib/thumb/v7e-m+dp/hard\libg.a(lib_a-dtoa.o)
                0x0000000000407370                _dtoa_r
 .text.__sflush_r
                0x0000000000408048      0x130 c:/workspace/tools/eclipse-embedcpp/xpack-arm-none-eabi-gcc-10.2.1-1.1/bin/../lib/gcc/arm-none-eabi/10.2.1/../../../../arm-none-eabi/lib/thumb/v7e-m+dp/hard\libg.a(lib_a-fflush.o)
                0x0000000000408048                __sflush_r
 .text._fflush_r
                0x0000000000408178       0x5c c:/workspace/tools/eclipse-embedcpp/xpack-arm-none-eabi-gcc-10.2.1-1.1/bin/../lib/gcc/arm-none-eabi/10.2.1/../../../../arm-none-eabi/lib/thumb/v7e-m+dp/hard\libg.a(lib_a-fflush.o)
                0x0000000000408178                _fflush_r
 .text._cleanup_r
                0x00000000004081d4        0xc c:/workspace/tools/eclipse-embedcpp/xpack-arm-none-eabi-gcc-10.2.1-1.1/bin/../lib/gcc/arm-none-eabi/10.2.1/../../../../arm-none-eabi/lib/thumb/v7e-m+dp/hard\libg.a(lib_a-findfp.o)
                0x00000000004081d4                _cleanup_r
 .text.__sinit  0x00000000004081e0      0x10c c:/workspace/tools/eclipse-embedcpp/xpack-arm-none-eabi-gcc-10.2.1-1.1/bin/../lib/gcc/arm-none-eabi/10.2.1/../../../../arm-none-eabi/lib/thumb/v7e-m+dp/hard\libg.a(lib_a-findfp.o)
                0x00000000004081e0                __sinit
 .text.__sfp_lock_acquire
                0x00000000004082ec        0xc c:/workspace/tools/eclipse-embedcpp/xpack-arm-none-eabi-gcc-10.2.1-1.1/bin/../lib/gcc/arm-none-eabi/10.2.1/../../../../arm-none-eabi/lib/thumb/v7e-m+dp/hard\libg.a(lib_a-findfp.o)
                0x00000000004082ec                __sfp_lock_acquire
 .text.__sfp_lock_release
                0x00000000004082f8        0xc c:/workspace/tools/eclipse-embedcpp/xpack-arm-none-eabi-gcc-10.2.1-1.1/bin/../lib/gcc/arm-none-eabi/10.2.1/../../../../arm-none-eabi/lib/thumb/v7e-m+dp/hard\libg.a(lib_a-findfp.o)
                0x00000000004082f8                __sfp_lock_release
 .text.__libc_fini_array
                0x0000000000408304       0x2c c:/workspace/tools/eclipse-embedcpp/xpack-arm-none-eabi-gcc-10.2.1-1.1/bin/../lib/gcc/arm-none-eabi/10.2.1/../../../../arm-none-eabi/lib/thumb/v7e-m+dp/hard\libg.a(lib_a-fini.o)
                0x0000000000408304                __libc_fini_array
 .text._malloc_trim_r
                0x0000000000408330       0xa0 c:/workspace/tools/eclipse-embedcpp/xpack-arm-none-eabi-gcc-10.2.1-1.1/bin/../lib/gcc/arm-none-eabi/10.2.1/../../../../arm-none-eabi/lib/thumb/v7e-m+dp/hard\libg.a(lib_a-freer.o)
                0x0000000000408330                _malloc_trim_r
 .text._free_r  0x00000000004083d0      0x20c c:/workspace/tools/eclipse-embedcpp/xpack-arm-none-eabi-gcc-10.2.1-1.1/bin/../lib/gcc/arm-none-eabi/10.2.1/../../../../arm-none-eabi/lib/thumb/v7e-m+dp/hard\libg.a(lib_a-freer.o)
                0x00000000004083d0                _free_r
 .text.__sfvwrite_r
                0x00000000004085dc      0x2f0 c:/workspace/tools/eclipse-embedcpp/xpack-arm-none-eabi-gcc-10.2.1-1.1/bin/../lib/gcc/arm-none-eabi/10.2.1/../../../../arm-none-eabi/lib/thumb/v7e-m+dp/hard\libg.a(lib_a-fvwrite.o)
                0x00000000004085dc                __sfvwrite_r
 .text._fwalk_reent
                0x00000000004088cc       0x48 c:/workspace/tools/eclipse-embedcpp/xpack-arm-none-eabi-gcc-10.2.1-1.1/bin/../lib/gcc/arm-none-eabi/10.2.1/../../../../arm-none-eabi/lib/thumb/v7e-m+dp/hard\libg.a(lib_a-fwalk.o)
                0x00000000004088cc                _fwalk_reent
 .text._localeconv_r
                0x0000000000408914        0x8 c:/workspace/tools/eclipse-embedcpp/xpack-arm-none-eabi-gcc-10.2.1-1.1/bin/../lib/gcc/arm-none-eabi/10.2.1/../../../../arm-none-eabi/lib/thumb/v7e-m+dp/hard\libg.a(lib_a-localeconv.o)
                0x0000000000408914                _localeconv_r
 .text.__locale_mb_cur_max
                0x000000000040891c        0xc c:/workspace/tools/eclipse-embedcpp/xpack-arm-none-eabi-gcc-10.2.1-1.1/bin/../lib/gcc/arm-none-eabi/10.2.1/../../../../arm-none-eabi/lib/thumb/v7e-m+dp/hard\libg.a(lib_a-locale.o)
                0x000000000040891c                __locale_mb_cur_max
 .text.__retarget_lock_init_recursive
                0x0000000000408928        0x4 c:/workspace/tools/eclipse-embedcpp/xpack-arm-none-eabi-gcc-10.2.1-1.1/bin/../lib/gcc/arm-none-eabi/10.2.1/../../../../arm-none-eabi/lib/thumb/v7e-m+dp/hard\libg.a(lib_a-lock.o)
                0x0000000000408928                __retarget_lock_init_recursive
 .text.__retarget_lock_close_recursive
                0x000000000040892c        0x4 c:/workspace/tools/eclipse-embedcpp/xpack-arm-none-eabi-gcc-10.2.1-1.1/bin/../lib/gcc/arm-none-eabi/10.2.1/../../../../arm-none-eabi/lib/thumb/v7e-m+dp/hard\libg.a(lib_a-lock.o)
                0x000000000040892c                __retarget_lock_close_recursive
 .text.__retarget_lock_acquire_recursive
                0x0000000000408930        0x4 c:/workspace/tools/eclipse-embedcpp/xpack-arm-none-eabi-gcc-10.2.1-1.1/bin/../lib/gcc/arm-none-eabi/10.2.1/../../../../arm-none-eabi/lib/thumb/v7e-m+dp/hard\libg.a(lib_a-lock.o)
                0x0000000000408930                __retarget_lock_acquire_recursive
 .text.__retarget_lock_release_recursive
                0x0000000000408934        0x4 c:/workspace/tools/eclipse-embedcpp/xpack-arm-none-eabi-gcc-10.2.1-1.1/bin/../lib/gcc/arm-none-eabi/10.2.1/../../../../arm-none-eabi/lib/thumb/v7e-m+dp/hard\libg.a(lib_a-lock.o)
                0x0000000000408934                __retarget_lock_release_recursive
 .text.__smakebuf_r
                0x0000000000408938       0xe0 c:/workspace/tools/eclipse-embedcpp/xpack-arm-none-eabi-gcc-10.2.1-1.1/bin/../lib/gcc/arm-none-eabi/10.2.1/../../../../arm-none-eabi/lib/thumb/v7e-m+dp/hard\libg.a(lib_a-makebuf.o)
                0x0000000000408938                __smakebuf_r
 .text.__swhatbuf_r
                0x0000000000408a18       0x60 c:/workspace/tools/eclipse-embedcpp/xpack-arm-none-eabi-gcc-10.2.1-1.1/bin/../lib/gcc/arm-none-eabi/10.2.1/../../../../arm-none-eabi/lib/thumb/v7e-m+dp/hard\libg.a(lib_a-makebuf.o)
                0x0000000000408a18                __swhatbuf_r
 .text.malloc   0x0000000000408a78       0x10 c:/workspace/tools/eclipse-embedcpp/xpack-arm-none-eabi-gcc-10.2.1-1.1/bin/../lib/gcc/arm-none-eabi/10.2.1/../../../../arm-none-eabi/lib/thumb/v7e-m+dp/hard\libg.a(lib_a-malloc.o)
                0x0000000000408a78                malloc
 .text._malloc_r
                0x0000000000408a88      0x560 c:/workspace/tools/eclipse-embedcpp/xpack-arm-none-eabi-gcc-10.2.1-1.1/bin/../lib/gcc/arm-none-eabi/10.2.1/../../../../arm-none-eabi/lib/thumb/v7e-m+dp/hard\libg.a(lib_a-mallocr.o)
                0x0000000000408a88                _malloc_r
 .text.__ascii_mbtowc
                0x0000000000408fe8       0x2c c:/workspace/tools/eclipse-embedcpp/xpack-arm-none-eabi-gcc-10.2.1-1.1/bin/../lib/gcc/arm-none-eabi/10.2.1/../../../../arm-none-eabi/lib/thumb/v7e-m+dp/hard\libg.a(lib_a-mbtowc_r.o)
                0x0000000000408fe8                __ascii_mbtowc
 *fill*         0x0000000000409014        0xc 
 .text          0x0000000000409020       0xa0 c:/workspace/tools/eclipse-embedcpp/xpack-arm-none-eabi-gcc-10.2.1-1.1/bin/../lib/gcc/arm-none-eabi/10.2.1/../../../../arm-none-eabi/lib/thumb/v7e-m+dp/hard\libg.a(lib_a-memchr.o)
                0x0000000000409020                memchr
 .text.memmove  0x00000000004090c0       0xf8 c:/workspace/tools/eclipse-embedcpp/xpack-arm-none-eabi-gcc-10.2.1-1.1/bin/../lib/gcc/arm-none-eabi/10.2.1/../../../../arm-none-eabi/lib/thumb/v7e-m+dp/hard\libg.a(lib_a-memmove.o)
                0x00000000004090c0                memmove
 .text.__malloc_lock
                0x00000000004091b8        0xc c:/workspace/tools/eclipse-embedcpp/xpack-arm-none-eabi-gcc-10.2.1-1.1/bin/../lib/gcc/arm-none-eabi/10.2.1/../../../../arm-none-eabi/lib/thumb/v7e-m+dp/hard\libg.a(lib_a-mlock.o)
                0x00000000004091b8                __malloc_lock
 .text.__malloc_unlock
                0x00000000004091c4        0xc c:/workspace/tools/eclipse-embedcpp/xpack-arm-none-eabi-gcc-10.2.1-1.1/bin/../lib/gcc/arm-none-eabi/10.2.1/../../../../arm-none-eabi/lib/thumb/v7e-m+dp/hard\libg.a(lib_a-mlock.o)
                0x00000000004091c4                __malloc_unlock
 .text._Balloc  0x00000000004091d0       0x4c c:/workspace/tools/eclipse-embedcpp/xpack-arm-none-eabi-gcc-10.2.1-1.1/bin/../lib/gcc/arm-none-eabi/10.2.1/../../../../arm-none-eabi/lib/thumb/v7e-m+dp/hard\libg.a(lib_a-mprec.o)
                0x00000000004091d0                _Balloc
 .text._Bfree   0x000000000040921c       0x14 c:/workspace/tools/eclipse-embedcpp/xpack-arm-none-eabi-gcc-10.2.1-1.1/bin/../lib/gcc/arm-none-eabi/10.2.1/../../../../arm-none-eabi/lib/thumb/v7e-m+dp/hard\libg.a(lib_a-mprec.o)
                0x000000000040921c                _Bfree
 .text.__multadd
                0x0000000000409230       0xa8 c:/workspace/tools/eclipse-embedcpp/xpack-arm-none-eabi-gcc-10.2.1-1.1/bin/../lib/gcc/arm-none-eabi/10.2.1/../../../../arm-none-eabi/lib/thumb/v7e-m+dp/hard\libg.a(lib_a-mprec.o)
                0x0000000000409230                __multadd
 .text.__hi0bits
                0x00000000004092d8       0x40 c:/workspace/tools/eclipse-embedcpp/xpack-arm-none-eabi-gcc-10.2.1-1.1/bin/../lib/gcc/arm-none-eabi/10.2.1/../../../../arm-none-eabi/lib/thumb/v7e-m+dp/hard\libg.a(lib_a-mprec.o)
                0x00000000004092d8                __hi0bits
 .text.__lo0bits
                0x0000000000409318       0x60 c:/workspace/tools/eclipse-embedcpp/xpack-arm-none-eabi-gcc-10.2.1-1.1/bin/../lib/gcc/arm-none-eabi/10.2.1/../../../../arm-none-eabi/lib/thumb/v7e-m+dp/hard\libg.a(lib_a-mprec.o)
                0x0000000000409318                __lo0bits
 .text.__i2b    0x0000000000409378       0x5c c:/workspace/tools/eclipse-embedcpp/xpack-arm-none-eabi-gcc-10.2.1-1.1/bin/../lib/gcc/arm-none-eabi/10.2.1/../../../../arm-none-eabi/lib/thumb/v7e-m+dp/hard\libg.a(lib_a-mprec.o)
                0x0000000000409378                __i2b
 .text.__multiply
                0x00000000004093d4      0x158 c:/workspace/tools/eclipse-embedcpp/xpack-arm-none-eabi-gcc-10.2.1-1.1/bin/../lib/gcc/arm-none-eabi/10.2.1/../../../../arm-none-eabi/lib/thumb/v7e-m+dp/hard\libg.a(lib_a-mprec.o)
                0x00000000004093d4                __multiply
 .text.__pow5mult
                0x000000000040952c       0xc0 c:/workspace/tools/eclipse-embedcpp/xpack-arm-none-eabi-gcc-10.2.1-1.1/bin/../lib/gcc/arm-none-eabi/10.2.1/../../../../arm-none-eabi/lib/thumb/v7e-m+dp/hard\libg.a(lib_a-mprec.o)
                0x000000000040952c                __pow5mult
 .text.__lshift
                0x00000000004095ec       0xf0 c:/workspace/tools/eclipse-embedcpp/xpack-arm-none-eabi-gcc-10.2.1-1.1/bin/../lib/gcc/arm-none-eabi/10.2.1/../../../../arm-none-eabi/lib/thumb/v7e-m+dp/hard\libg.a(lib_a-mprec.o)
                0x00000000004095ec                __lshift
 .text.__mcmp   0x00000000004096dc       0x44 c:/workspace/tools/eclipse-embedcpp/xpack-arm-none-eabi-gcc-10.2.1-1.1/bin/../lib/gcc/arm-none-eabi/10.2.1/../../../../arm-none-eabi/lib/thumb/v7e-m+dp/hard\libg.a(lib_a-mprec.o)
                0x00000000004096dc                __mcmp
 .text.__mdiff  0x0000000000409720      0x14c c:/workspace/tools/eclipse-embedcpp/xpack-arm-none-eabi-gcc-10.2.1-1.1/bin/../lib/gcc/arm-none-eabi/10.2.1/../../../../arm-none-eabi/lib/thumb/v7e-m+dp/hard\libg.a(lib_a-mprec.o)
                0x0000000000409720                __mdiff
 .text.__d2b    0x000000000040986c       0xd0 c:/workspace/tools/eclipse-embedcpp/xpack-arm-none-eabi-gcc-10.2.1-1.1/bin/../lib/gcc/arm-none-eabi/10.2.1/../../../../arm-none-eabi/lib/thumb/v7e-m+dp/hard\libg.a(lib_a-mprec.o)
                0x000000000040986c                __d2b
 .text._realloc_r
                0x000000000040993c      0x3d8 c:/workspace/tools/eclipse-embedcpp/xpack-arm-none-eabi-gcc-10.2.1-1.1/bin/../lib/gcc/arm-none-eabi/10.2.1/../../../../arm-none-eabi/lib/thumb/v7e-m+dp/hard\libg.a(lib_a-reallocr.o)
                0x000000000040993c                _realloc_r
 .text._sbrk_r  0x0000000000409d14       0x24 c:/workspace/tools/eclipse-embedcpp/xpack-arm-none-eabi-gcc-10.2.1-1.1/bin/../lib/gcc/arm-none-eabi/10.2.1/../../../../arm-none-eabi/lib/thumb/v7e-m+dp/hard\libg.a(lib_a-sbrkr.o)
                0x0000000000409d14                _sbrk_r
 .text.frexp    0x0000000000409d38       0x78 c:/workspace/tools/eclipse-embedcpp/xpack-arm-none-eabi-gcc-10.2.1-1.1/bin/../lib/gcc/arm-none-eabi/10.2.1/../../../../arm-none-eabi/lib/thumb/v7e-m+dp/hard\libg.a(lib_a-s_frexp.o)
                0x0000000000409d38                frexp
 .text.__sread  0x0000000000409db0       0x24 c:/workspace/tools/eclipse-embedcpp/xpack-arm-none-eabi-gcc-10.2.1-1.1/bin/../lib/gcc/arm-none-eabi/10.2.1/../../../../arm-none-eabi/lib/thumb/v7e-m+dp/hard\libg.a(lib_a-stdio.o)
                0x0000000000409db0                __sread
 .text.__swrite
                0x0000000000409dd4       0x40 c:/workspace/tools/eclipse-embedcpp/xpack-arm-none-eabi-gcc-10.2.1-1.1/bin/../lib/gcc/arm-none-eabi/10.2.1/../../../../arm-none-eabi/lib/thumb/v7e-m+dp/hard\libg.a(lib_a-stdio.o)
                0x0000000000409dd4                __swrite
 .text.__sseek  0x0000000000409e14       0x20 c:/workspace/tools/eclipse-embedcpp/xpack-arm-none-eabi-gcc-10.2.1-1.1/bin/../lib/gcc/arm-none-eabi/10.2.1/../../../../arm-none-eabi/lib/thumb/v7e-m+dp/hard\libg.a(lib_a-stdio.o)
                0x0000000000409e14                __sseek
 .text.__sclose
                0x0000000000409e34        0x8 c:/workspace/tools/eclipse-embedcpp/xpack-arm-none-eabi-gcc-10.2.1-1.1/bin/../lib/gcc/arm-none-eabi/10.2.1/../../../../arm-none-eabi/lib/thumb/v7e-m+dp/hard\libg.a(lib_a-stdio.o)
                0x0000000000409e34                __sclose
 .text.__sprint_r.part.0
                0x0000000000409e3c       0x78 c:/workspace/tools/eclipse-embedcpp/xpack-arm-none-eabi-gcc-10.2.1-1.1/bin/../lib/gcc/arm-none-eabi/10.2.1/../../../../arm-none-eabi/lib/thumb/v7e-m+dp/hard\libg.a(lib_a-vfiprintf.o)
 .text.__sprint_r
                0x0000000000409eb4       0x18 c:/workspace/tools/eclipse-embedcpp/xpack-arm-none-eabi-gcc-10.2.1-1.1/bin/../lib/gcc/arm-none-eabi/10.2.1/../../../../arm-none-eabi/lib/thumb/v7e-m+dp/hard\libg.a(lib_a-vfiprintf.o)
                0x0000000000409eb4                __sprint_r
 .text._vfiprintf_r
                0x0000000000409ecc      0xdf4 c:/workspace/tools/eclipse-embedcpp/xpack-arm-none-eabi-gcc-10.2.1-1.1/bin/../lib/gcc/arm-none-eabi/10.2.1/../../../../arm-none-eabi/lib/thumb/v7e-m+dp/hard\libg.a(lib_a-vfiprintf.o)
                0x0000000000409ecc                _vfiprintf_r
 .text.__sbprintf
                0x000000000040acc0       0x80 c:/workspace/tools/eclipse-embedcpp/xpack-arm-none-eabi-gcc-10.2.1-1.1/bin/../lib/gcc/arm-none-eabi/10.2.1/../../../../arm-none-eabi/lib/thumb/v7e-m+dp/hard\libg.a(lib_a-vfiprintf.o)
 .text.__ascii_wctomb
                0x000000000040ad40       0x1c c:/workspace/tools/eclipse-embedcpp/xpack-arm-none-eabi-gcc-10.2.1-1.1/bin/../lib/gcc/arm-none-eabi/10.2.1/../../../../arm-none-eabi/lib/thumb/v7e-m+dp/hard\libg.a(lib_a-wctomb_r.o)
                0x000000000040ad40                __ascii_wctomb
 .text._write_r
                0x000000000040ad5c       0x2c c:/workspace/tools/eclipse-embedcpp/xpack-arm-none-eabi-gcc-10.2.1-1.1/bin/../lib/gcc/arm-none-eabi/10.2.1/../../../../arm-none-eabi/lib/thumb/v7e-m+dp/hard\libg.a(lib_a-writer.o)
                0x000000000040ad5c                _write_r
 .text.__assert_func
                0x000000000040ad88       0x40 c:/workspace/tools/eclipse-embedcpp/xpack-arm-none-eabi-gcc-10.2.1-1.1/bin/../lib/gcc/arm-none-eabi/10.2.1/../../../../arm-none-eabi/lib/thumb/v7e-m+dp/hard\libg.a(lib_a-assert.o)
                0x000000000040ad88                __assert_func
 .text.atexit   0x000000000040adc8        0xc c:/workspace/tools/eclipse-embedcpp/xpack-arm-none-eabi-gcc-10.2.1-1.1/bin/../lib/gcc/arm-none-eabi/10.2.1/../../../../arm-none-eabi/lib/thumb/v7e-m+dp/hard\libg.a(lib_a-atexit.o)
                0x000000000040adc8                atexit
 .text._calloc_r
                0x000000000040add4       0x60 c:/workspace/tools/eclipse-embedcpp/xpack-arm-none-eabi-gcc-10.2.1-1.1/bin/../lib/gcc/arm-none-eabi/10.2.1/../../../../arm-none-eabi/lib/thumb/v7e-m+dp/hard\libg.a(lib_a-callocr.o)
                0x000000000040add4                _calloc_r
 .text._close_r
                0x000000000040ae34       0x24 c:/workspace/tools/eclipse-embedcpp/xpack-arm-none-eabi-gcc-10.2.1-1.1/bin/../lib/gcc/arm-none-eabi/10.2.1/../../../../arm-none-eabi/lib/thumb/v7e-m+dp/hard\libg.a(lib_a-closer.o)
                0x000000000040ae34                _close_r
 .text._fclose_r
                0x000000000040ae58       0xcc c:/workspace/tools/eclipse-embedcpp/xpack-arm-none-eabi-gcc-10.2.1-1.1/bin/../lib/gcc/arm-none-eabi/10.2.1/../../../../arm-none-eabi/lib/thumb/v7e-m+dp/hard\libg.a(lib_a-fclose.o)
                0x000000000040ae58                _fclose_r
 .text.fiprintf
                0x000000000040af24       0x28 c:/workspace/tools/eclipse-embedcpp/xpack-arm-none-eabi-gcc-10.2.1-1.1/bin/../lib/gcc/arm-none-eabi/10.2.1/../../../../arm-none-eabi/lib/thumb/v7e-m+dp/hard\libg.a(lib_a-fiprintf.o)
                0x000000000040af24                fiprintf
 .text.__fputwc
                0x000000000040af4c       0xa8 c:/workspace/tools/eclipse-embedcpp/xpack-arm-none-eabi-gcc-10.2.1-1.1/bin/../lib/gcc/arm-none-eabi/10.2.1/../../../../arm-none-eabi/lib/thumb/v7e-m+dp/hard\libg.a(lib_a-fputwc.o)
                0x000000000040af4c                __fputwc
 .text._fputwc_r
                0x000000000040aff4       0x68 c:/workspace/tools/eclipse-embedcpp/xpack-arm-none-eabi-gcc-10.2.1-1.1/bin/../lib/gcc/arm-none-eabi/10.2.1/../../../../arm-none-eabi/lib/thumb/v7e-m+dp/hard\libg.a(lib_a-fputwc.o)
                0x000000000040aff4                _fputwc_r
 .text._fstat_r
                0x000000000040b05c       0x2c c:/workspace/tools/eclipse-embedcpp/xpack-arm-none-eabi-gcc-10.2.1-1.1/bin/../lib/gcc/arm-none-eabi/10.2.1/../../../../arm-none-eabi/lib/thumb/v7e-m+dp/hard\libg.a(lib_a-fstatr.o)
                0x000000000040b05c                _fstat_r
 .text._isatty_r
                0x000000000040b088       0x24 c:/workspace/tools/eclipse-embedcpp/xpack-arm-none-eabi-gcc-10.2.1-1.1/bin/../lib/gcc/arm-none-eabi/10.2.1/../../../../arm-none-eabi/lib/thumb/v7e-m+dp/hard\libg.a(lib_a-isattyr.o)
                0x000000000040b088                _isatty_r
 .text._lseek_r
                0x000000000040b0ac       0x2c c:/workspace/tools/eclipse-embedcpp/xpack-arm-none-eabi-gcc-10.2.1-1.1/bin/../lib/gcc/arm-none-eabi/10.2.1/../../../../arm-none-eabi/lib/thumb/v7e-m+dp/hard\libg.a(lib_a-lseekr.o)
                0x000000000040b0ac                _lseek_r
 .text._read_r  0x000000000040b0d8       0x2c c:/workspace/tools/eclipse-embedcpp/xpack-arm-none-eabi-gcc-10.2.1-1.1/bin/../lib/gcc/arm-none-eabi/10.2.1/../../../../arm-none-eabi/lib/thumb/v7e-m+dp/hard\libg.a(lib_a-readr.o)
                0x000000000040b0d8                _read_r
 .text.__swbuf_r
                0x000000000040b104       0xb0 c:/workspace/tools/eclipse-embedcpp/xpack-arm-none-eabi-gcc-10.2.1-1.1/bin/../lib/gcc/arm-none-eabi/10.2.1/../../../../arm-none-eabi/lib/thumb/v7e-m+dp/hard\libg.a(lib_a-wbuf.o)
                0x000000000040b104                __swbuf_r
 .text._wcrtomb_r
                0x000000000040b1b4       0x3c c:/workspace/tools/eclipse-embedcpp/xpack-arm-none-eabi-gcc-10.2.1-1.1/bin/../lib/gcc/arm-none-eabi/10.2.1/../../../../arm-none-eabi/lib/thumb/v7e-m+dp/hard\libg.a(lib_a-wcrtomb.o)
                0x000000000040b1b4                _wcrtomb_r
 .text.__register_exitproc
                0x000000000040b1f0       0x8c c:/workspace/tools/eclipse-embedcpp/xpack-arm-none-eabi-gcc-10.2.1-1.1/bin/../lib/gcc/arm-none-eabi/10.2.1/../../../../arm-none-eabi/lib/thumb/v7e-m+dp/hard\libg.a(lib_a-__atexit.o)
                0x000000000040b1f0                __register_exitproc
 .text          0x000000000040b27c       0x30 c:/workspace/tools/eclipse-embedcpp/xpack-arm-none-eabi-gcc-10.2.1-1.1/bin/../lib/gcc/arm-none-eabi/10.2.1/thumb/v7e-m+dp/hard\libgcc.a(_aeabi_uldivmod.o)
                0x000000000040b27c                __aeabi_uldivmod
 .text.__udivmoddi4
                0x000000000040b2ac      0x2d0 c:/workspace/tools/eclipse-embedcpp/xpack-arm-none-eabi-gcc-10.2.1-1.1/bin/../lib/gcc/arm-none-eabi/10.2.1/thumb/v7e-m+dp/hard\libgcc.a(_udivmoddi4.o)
                0x000000000040b2ac                __udivmoddi4
 .text          0x000000000040b57c        0x4 c:/workspace/tools/eclipse-embedcpp/xpack-arm-none-eabi-gcc-10.2.1-1.1/bin/../lib/gcc/arm-none-eabi/10.2.1/thumb/v7e-m+dp/hard\libgcc.a(_dvmd_tls.o)
                0x000000000040b57c                __aeabi_idiv0
                0x000000000040b57c                __aeabi_ldiv0
 *(.glue_7t)
 .glue_7t       0x000000000040b580        0x0 linker stubs
 *(.glue_7)
 .glue_7        0x000000000040b580        0x0 linker stubs
 *(.rodata .rodata* .gnu.linkonce.r.*)
 .rodata.rt_application_init.str1.4
                0x000000000040b580       0x17 ./rt-thread/src/components.o
 *fill*         0x000000000040b597        0x1 
 .rodata.__FUNCTION__.0
                0x000000000040b598       0x14 ./rt-thread/src/components.o
 .rodata.rt_device_unregister.str1.4
                0x000000000040b5ac       0x74 ./rt-thread/src/device.o
 .rodata.__FUNCTION__.3
                0x000000000040b620       0x10 ./rt-thread/src/device.o
 .rodata.rt_thread_idle_excute.str1.4
                0x000000000040b630       0x2a ./rt-thread/src/idle.o
 *fill*         0x000000000040b65a        0x2 
 .rodata.rt_thread_idle_init.str1.4
                0x000000000040b65c        0x8 ./rt-thread/src/idle.o
 .rodata.__FUNCTION__.0
                0x000000000040b664       0x16 ./rt-thread/src/idle.o
 *fill*         0x000000000040b67a        0x2 
 .rodata.rt_sem_init.str1.4
                0x000000000040b67c       0x21 ./rt-thread/src/ipc.o
 *fill*         0x000000000040b69d        0x3 
 .rodata.rt_sem_detach.str1.4
                0x000000000040b6a0       0x77 ./rt-thread/src/ipc.o
 .rodata.rt_sem_create.str1.4
                0x000000000040b717       0x2a ./rt-thread/src/ipc.o
 *fill*         0x000000000040b717        0x1 
 .rodata.rt_sem_take.str1.4
                0x000000000040b718       0x37 ./rt-thread/src/ipc.o
 *fill*         0x000000000040b74f        0x1 
 .rodata.__FUNCTION__.30
                0x000000000040b750        0xf ./rt-thread/src/ipc.o
 *fill*         0x000000000040b75f        0x1 
 .rodata.__FUNCTION__.31
                0x000000000040b760        0xc ./rt-thread/src/ipc.o
 .rodata.__FUNCTION__.35
                0x000000000040b76c        0xc ./rt-thread/src/ipc.o
 .rodata.rt_vsnprintf.str1.4
                0x000000000040b778        0x7 ./rt-thread/src/kservice.o
 *fill*         0x000000000040b77f        0x1 
 .rodata.rt_show_version.str1.4
                0x000000000040b780       0x86 ./rt-thread/src/kservice.o
 *fill*         0x000000000040b806        0x2 
 .rodata.rt_assert_handler.str1.4
                0x000000000040b808       0x37 ./rt-thread/src/kservice.o
 *fill*         0x000000000040b83f        0x1 
 .rodata.__lowest_bit_bitmap
                0x000000000040b840      0x100 ./rt-thread/src/kservice.o
                0x000000000040b840                __lowest_bit_bitmap
 .rodata.large_digits.2
                0x000000000040b940       0x11 ./rt-thread/src/kservice.o
 *fill*         0x000000000040b951        0x3 
 .rodata.small_digits.1
                0x000000000040b954       0x11 ./rt-thread/src/kservice.o
 *fill*         0x000000000040b965        0x3 
 .rodata.plug_holes.str1.4
                0x000000000040b968       0x5b ./rt-thread/src/mem.o
 *fill*         0x000000000040b9c3        0x1 
 .rodata.rt_system_heap_init.str1.4
                0x000000000040b9c4       0x42 ./rt-thread/src/mem.o
                                         0x6e (size before relaxing)
 *fill*         0x000000000040ba06        0x2 
 .rodata.rt_malloc.str1.4
                0x000000000040ba08       0xbf ./rt-thread/src/mem.o
 *fill*         0x000000000040bac7        0x1 
 .rodata.rt_free.str1.4
                0x000000000040bac8       0xfd ./rt-thread/src/mem.o
 *fill*         0x000000000040bbc5        0x3 
 .rodata.__FUNCTION__.0
                0x000000000040bbc8        0x8 ./rt-thread/src/mem.o
 .rodata.__FUNCTION__.1
                0x000000000040bbd0        0xb ./rt-thread/src/mem.o
 *fill*         0x000000000040bbdb        0x1 
 .rodata.__FUNCTION__.3
                0x000000000040bbdc        0xa ./rt-thread/src/mem.o
 *fill*         0x000000000040bbe6        0x2 
 .rodata.__FUNCTION__.4
                0x000000000040bbe8       0x14 ./rt-thread/src/mem.o
 .rodata.rt_object_init.str1.4
                0x000000000040bbfc       0x26 ./rt-thread/src/object.o
 *fill*         0x000000000040bc22        0x2 
 .rodata.rt_object_detach.str1.4
                0x000000000040bc24       0x12 ./rt-thread/src/object.o
 .rodata.rt_object_allocate.str1.4
                0x000000000040bc36       0x2a ./rt-thread/src/object.o
 *fill*         0x000000000040bc36        0x2 
 .rodata.rt_object_delete.str1.4
                0x000000000040bc38       0x29 ./rt-thread/src/object.o
 *fill*         0x000000000040bc61        0x3 
 .rodata.__FUNCTION__.1
                0x000000000040bc64       0x13 ./rt-thread/src/object.o
 *fill*         0x000000000040bc77        0x1 
 .rodata.__FUNCTION__.2
                0x000000000040bc78       0x1a ./rt-thread/src/object.o
 *fill*         0x000000000040bc92        0x2 
 .rodata.__FUNCTION__.3
                0x000000000040bc94       0x11 ./rt-thread/src/object.o
 *fill*         0x000000000040bca5        0x3 
 .rodata.__FUNCTION__.4
                0x000000000040bca8       0x13 ./rt-thread/src/object.o
 *fill*         0x000000000040bcbb        0x1 
 .rodata.__FUNCTION__.5
                0x000000000040bcbc       0x11 ./rt-thread/src/object.o
 *fill*         0x000000000040bccd        0x3 
 .rodata.__FUNCTION__.6
                0x000000000040bcd0        0xf ./rt-thread/src/object.o
 *fill*         0x000000000040bcdf        0x1 
 .rodata.rt_schedule_insert_thread.str1.4
                0x000000000040bce0       0x12 ./rt-thread/src/scheduler.o
 *fill*         0x000000000040bcf2        0x2 
 .rodata.rt_schedule.str1.4
                0x000000000040bcf4       0x51 ./rt-thread/src/scheduler.o
 *fill*         0x000000000040bd45        0x3 
 .rodata.__FUNCTION__.0
                0x000000000040bd48       0x1a ./rt-thread/src/scheduler.o
 *fill*         0x000000000040bd62        0x2 
 .rodata.__FUNCTION__.1
                0x000000000040bd64       0x1a ./rt-thread/src/scheduler.o
 *fill*         0x000000000040bd7e        0x2 
 .rodata._rt_thread_init.str1.4
                0x000000000040bd80       0x22 ./rt-thread/src/thread.o
 *fill*         0x000000000040bda2        0x2 
 .rodata.rt_thread_timeout.str1.4
                0x000000000040bda4       0x7e ./rt-thread/src/thread.o
                                         0x92 (size before relaxing)
 *fill*         0x000000000040be22        0x2 
 .rodata.rt_thread_init.str1.4
                0x000000000040be24       0x17 ./rt-thread/src/thread.o
 *fill*         0x000000000040be3b        0x1 
 .rodata.rt_thread_suspend.str1.4
                0x000000000040be3c       0x1b ./rt-thread/src/thread.o
 *fill*         0x000000000040be57        0x1 
 .rodata.rt_thread_startup.str1.4
                0x000000000040be58       0x37 ./rt-thread/src/thread.o
 *fill*         0x000000000040be8f        0x1 
 .rodata.__FUNCTION__.0
                0x000000000040be90       0x12 ./rt-thread/src/thread.o
 *fill*         0x000000000040bea2        0x2 
 .rodata.__FUNCTION__.1
                0x000000000040bea4       0x11 ./rt-thread/src/thread.o
 *fill*         0x000000000040beb5        0x3 
 .rodata.__FUNCTION__.10
                0x000000000040beb8        0xf ./rt-thread/src/thread.o
 *fill*         0x000000000040bec7        0x1 
 .rodata.__FUNCTION__.2
                0x000000000040bec8       0x12 ./rt-thread/src/thread.o
 *fill*         0x000000000040beda        0x2 
 .rodata.__FUNCTION__.5
                0x000000000040bedc       0x10 ./rt-thread/src/thread.o
 .rodata.__FUNCTION__.8
                0x000000000040beec       0x12 ./rt-thread/src/thread.o
 *fill*         0x000000000040befe        0x2 
 .rodata.__FUNCTION__.9
                0x000000000040bf00       0x10 ./rt-thread/src/thread.o
 .rodata.rt_timer_init.str1.4
                0x000000000040bf10       0x11 ./rt-thread/src/timer.o
 *fill*         0x000000000040bf21        0x3 
 .rodata.rt_timer_detach.str1.4
                0x000000000040bf24       0x66 ./rt-thread/src/timer.o
 *fill*         0x000000000040bf8a        0x2 
 .rodata.rt_timer_start.str1.4
                0x000000000040bf8c       0x23 ./rt-thread/src/timer.o
 *fill*         0x000000000040bfaf        0x1 
 .rodata.__FUNCTION__.0
                0x000000000040bfb0       0x11 ./rt-thread/src/timer.o
 *fill*         0x000000000040bfc1        0x3 
 .rodata.__FUNCTION__.1
                0x000000000040bfc4        0xe ./rt-thread/src/timer.o
 *fill*         0x000000000040bfd2        0x2 
 .rodata.__FUNCTION__.3
                0x000000000040bfd4        0xf ./rt-thread/src/timer.o
 *fill*         0x000000000040bfe3        0x1 
 .rodata.__FUNCTION__.5
                0x000000000040bfe4       0x10 ./rt-thread/src/timer.o
 .rodata.__FUNCTION__.6
                0x000000000040bff4        0xe ./rt-thread/src/timer.o
 *fill*         0x000000000040c002        0x2 
 .rodata.rt_hw_hard_fault_exception.str1.4
                0x000000000040c004      0x2b5 ./rt-thread/libcpu/arm/cortex-m7/cpuport.o
                                        0x2b9 (size before relaxing)
 *fill*         0x000000000040c2b9        0x3 
 .rodata.list_thread.str1.4
                0x000000000040c2bc      0x100 ./rt-thread/components/finsh/cmd.o
 .rodata._cfgs  0x000000000040c3bc       0xc0 ./hpl/xdmac/hpl_xdmac.o
 .rodata._usarts
                0x000000000040c47c        0xc ./hpl/usart/hpl_usart.o
 .rodata._i2cm_sync_cfgs
                0x000000000040c488       0x18 ./hpl/twihs/hpl_twihs.o
 .rodata._exit.str1.4
                0x000000000040c4a0       0x19 ./hal/utils/src/utils_syscalls.o
 *fill*         0x000000000040c4b9        0x3 
 .rodata.led_thread_entry.str1.4
                0x000000000040c4bc        0xe ./rtos_start.o
 *fill*         0x000000000040c4ca        0x2 
 .rodata.RT_V403X_start.str1.4
                0x000000000040c4cc       0x39 ./rtos_start.o
 *fill*         0x000000000040c505        0x3 
 .rodata._global_impure_ptr
                0x000000000040c508        0x4 c:/workspace/tools/eclipse-embedcpp/xpack-arm-none-eabi-gcc-10.2.1-1.1/bin/../lib/gcc/arm-none-eabi/10.2.1/../../../../arm-none-eabi/lib/thumb/v7e-m+dp/hard\libg.a(lib_a-impure.o)
                0x000000000040c508                _global_impure_ptr
 .rodata._puts_r.str1.4
                0x000000000040c50c        0x2 c:/workspace/tools/eclipse-embedcpp/xpack-arm-none-eabi-gcc-10.2.1-1.1/bin/../lib/gcc/arm-none-eabi/10.2.1/../../../../arm-none-eabi/lib/thumb/v7e-m+dp/hard\libg.a(lib_a-puts.o)
 .rodata._vfprintf_r.str1.4
                0x000000000040c50c       0x3f c:/workspace/tools/eclipse-embedcpp/xpack-arm-none-eabi-gcc-10.2.1-1.1/bin/../lib/gcc/arm-none-eabi/10.2.1/../../../../arm-none-eabi/lib/thumb/v7e-m+dp/hard\libg.a(lib_a-vfprintf.o)
                                         0x42 (size before relaxing)
 *fill*         0x000000000040c54b        0x1 
 .rodata.blanks.1
                0x000000000040c54c       0x10 c:/workspace/tools/eclipse-embedcpp/xpack-arm-none-eabi-gcc-10.2.1-1.1/bin/../lib/gcc/arm-none-eabi/10.2.1/../../../../arm-none-eabi/lib/thumb/v7e-m+dp/hard\libg.a(lib_a-vfprintf.o)
 .rodata.zeroes.0
                0x000000000040c55c       0x10 c:/workspace/tools/eclipse-embedcpp/xpack-arm-none-eabi-gcc-10.2.1-1.1/bin/../lib/gcc/arm-none-eabi/10.2.1/../../../../arm-none-eabi/lib/thumb/v7e-m+dp/hard\libg.a(lib_a-vfprintf.o)
 .rodata._ctype_
                0x000000000040c56c      0x101 c:/workspace/tools/eclipse-embedcpp/xpack-arm-none-eabi-gcc-10.2.1-1.1/bin/../lib/gcc/arm-none-eabi/10.2.1/../../../../arm-none-eabi/lib/thumb/v7e-m+dp/hard\libg.a(lib_a-ctype_.o)
                0x000000000040c56c                _ctype_
 *fill*         0x000000000040c66d        0x3 
 .rodata._dtoa_r.str1.4
                0x000000000040c670       0x7e c:/workspace/tools/eclipse-embedcpp/xpack-arm-none-eabi-gcc-10.2.1-1.1/bin/../lib/gcc/arm-none-eabi/10.2.1/../../../../arm-none-eabi/lib/thumb/v7e-m+dp/hard\libg.a(lib_a-dtoa.o)
                                         0x82 (size before relaxing)
 *fill*         0x000000000040c6ee        0x2 
 .rodata._setlocale_r.str1.4
                0x000000000040c6f0        0xa c:/workspace/tools/eclipse-embedcpp/xpack-arm-none-eabi-gcc-10.2.1-1.1/bin/../lib/gcc/arm-none-eabi/10.2.1/../../../../arm-none-eabi/lib/thumb/v7e-m+dp/hard\libg.a(lib_a-locale.o)
                                          0xd (size before relaxing)
 *fill*         0x000000000040c6fa        0x2 
 .rodata.str1.4
                0x000000000040c6fc        0x2 c:/workspace/tools/eclipse-embedcpp/xpack-arm-none-eabi-gcc-10.2.1-1.1/bin/../lib/gcc/arm-none-eabi/10.2.1/../../../../arm-none-eabi/lib/thumb/v7e-m+dp/hard\libg.a(lib_a-locale.o)
 *fill*         0x000000000040c6fe        0x2 
 .rodata.__multadd.str1.4
                0x000000000040c700       0x5b c:/workspace/tools/eclipse-embedcpp/xpack-arm-none-eabi-gcc-10.2.1-1.1/bin/../lib/gcc/arm-none-eabi/10.2.1/../../../../arm-none-eabi/lib/thumb/v7e-m+dp/hard\libg.a(lib_a-mprec.o)
                                         0x6f (size before relaxing)
 *fill*         0x000000000040c75b        0x5 
 .rodata.__mprec_bigtens
                0x000000000040c760       0x28 c:/workspace/tools/eclipse-embedcpp/xpack-arm-none-eabi-gcc-10.2.1-1.1/bin/../lib/gcc/arm-none-eabi/10.2.1/../../../../arm-none-eabi/lib/thumb/v7e-m+dp/hard\libg.a(lib_a-mprec.o)
                0x000000000040c760                __mprec_bigtens
 .rodata.__mprec_tens
                0x000000000040c788       0xc8 c:/workspace/tools/eclipse-embedcpp/xpack-arm-none-eabi-gcc-10.2.1-1.1/bin/../lib/gcc/arm-none-eabi/10.2.1/../../../../arm-none-eabi/lib/thumb/v7e-m+dp/hard\libg.a(lib_a-mprec.o)
                0x000000000040c788                __mprec_tens
 .rodata.p05.0  0x000000000040c850        0xc c:/workspace/tools/eclipse-embedcpp/xpack-arm-none-eabi-gcc-10.2.1-1.1/bin/../lib/gcc/arm-none-eabi/10.2.1/../../../../arm-none-eabi/lib/thumb/v7e-m+dp/hard\libg.a(lib_a-mprec.o)
 .rodata._vfiprintf_r.str1.4
                0x000000000040c85c       0x2f c:/workspace/tools/eclipse-embedcpp/xpack-arm-none-eabi-gcc-10.2.1-1.1/bin/../lib/gcc/arm-none-eabi/10.2.1/../../../../arm-none-eabi/lib/thumb/v7e-m+dp/hard\libg.a(lib_a-vfiprintf.o)
 .rodata.blanks.1
                0x000000000040c85c       0x10 c:/workspace/tools/eclipse-embedcpp/xpack-arm-none-eabi-gcc-10.2.1-1.1/bin/../lib/gcc/arm-none-eabi/10.2.1/../../../../arm-none-eabi/lib/thumb/v7e-m+dp/hard\libg.a(lib_a-vfiprintf.o)
 .rodata.zeroes.0
                0x000000000040c86c       0x10 c:/workspace/tools/eclipse-embedcpp/xpack-arm-none-eabi-gcc-10.2.1-1.1/bin/../lib/gcc/arm-none-eabi/10.2.1/../../../../arm-none-eabi/lib/thumb/v7e-m+dp/hard\libg.a(lib_a-vfiprintf.o)
 .rodata.__assert_func.str1.4
                0x000000000040c87c       0x3f c:/workspace/tools/eclipse-embedcpp/xpack-arm-none-eabi-gcc-10.2.1-1.1/bin/../lib/gcc/arm-none-eabi/10.2.1/../../../../arm-none-eabi/lib/thumb/v7e-m+dp/hard\libg.a(lib_a-assert.o)
                                         0x43 (size before relaxing)
 *(.ARM.extab* .gnu.linkonce.armextab.*)
 *fill*         0x000000000040c8bb        0x1 
 .ARM.extab.text.main
                0x000000000040c8bc        0xc ./main.o
 .ARM.extab.text.abort
                0x000000000040c8c8        0xc c:/workspace/tools/eclipse-embedcpp/xpack-arm-none-eabi-gcc-10.2.1-1.1/bin/../lib/gcc/arm-none-eabi/10.2.1/../../../../arm-none-eabi/lib/thumb/v7e-m+dp/hard\libg.a(lib_a-abort.o)
 .ARM.extab.text.printf
                0x000000000040c8d4        0xc c:/workspace/tools/eclipse-embedcpp/xpack-arm-none-eabi-gcc-10.2.1-1.1/bin/../lib/gcc/arm-none-eabi/10.2.1/../../../../arm-none-eabi/lib/thumb/v7e-m+dp/hard\libg.a(lib_a-printf.o)
 .ARM.extab.text._vfprintf_r
                0x000000000040c8e0        0xc c:/workspace/tools/eclipse-embedcpp/xpack-arm-none-eabi-gcc-10.2.1-1.1/bin/../lib/gcc/arm-none-eabi/10.2.1/../../../../arm-none-eabi/lib/thumb/v7e-m+dp/hard\libg.a(lib_a-vfprintf.o)
 .ARM.extab.text.__sbprintf
                0x000000000040c8ec        0xc c:/workspace/tools/eclipse-embedcpp/xpack-arm-none-eabi-gcc-10.2.1-1.1/bin/../lib/gcc/arm-none-eabi/10.2.1/../../../../arm-none-eabi/lib/thumb/v7e-m+dp/hard\libg.a(lib_a-vfprintf.o)
 .ARM.extab.text._dtoa_r
                0x000000000040c8f8        0xc c:/workspace/tools/eclipse-embedcpp/xpack-arm-none-eabi-gcc-10.2.1-1.1/bin/../lib/gcc/arm-none-eabi/10.2.1/../../../../arm-none-eabi/lib/thumb/v7e-m+dp/hard\libg.a(lib_a-dtoa.o)
 .ARM.extab.text._vfiprintf_r
                0x000000000040c904        0xc c:/workspace/tools/eclipse-embedcpp/xpack-arm-none-eabi-gcc-10.2.1-1.1/bin/../lib/gcc/arm-none-eabi/10.2.1/../../../../arm-none-eabi/lib/thumb/v7e-m+dp/hard\libg.a(lib_a-vfiprintf.o)
 .ARM.extab.text.__sbprintf
                0x000000000040c910        0xc c:/workspace/tools/eclipse-embedcpp/xpack-arm-none-eabi-gcc-10.2.1-1.1/bin/../lib/gcc/arm-none-eabi/10.2.1/../../../../arm-none-eabi/lib/thumb/v7e-m+dp/hard\libg.a(lib_a-vfiprintf.o)
 .ARM.extab.text.fiprintf
                0x000000000040c91c        0xc c:/workspace/tools/eclipse-embedcpp/xpack-arm-none-eabi-gcc-10.2.1-1.1/bin/../lib/gcc/arm-none-eabi/10.2.1/../../../../arm-none-eabi/lib/thumb/v7e-m+dp/hard\libg.a(lib_a-fiprintf.o)
                0x000000000040c928                . = ALIGN (0x4)
 *(.init)
 .init          0x000000000040c928        0x4 c:/workspace/tools/eclipse-embedcpp/xpack-arm-none-eabi-gcc-10.2.1-1.1/bin/../lib/gcc/arm-none-eabi/10.2.1/thumb/v7e-m+dp/hard/crti.o
                0x000000000040c928                _init
 .init          0x000000000040c92c        0x8 c:/workspace/tools/eclipse-embedcpp/xpack-arm-none-eabi-gcc-10.2.1-1.1/bin/../lib/gcc/arm-none-eabi/10.2.1/thumb/v7e-m+dp/hard/crtn.o
                0x000000000040c934                . = ALIGN (0x4)
                0x000000000040c934                __preinit_array_start = .
 *(.preinit_array)
                0x000000000040c934                __preinit_array_end = .
                0x000000000040c934                . = ALIGN (0x4)
                0x000000000040c934                __init_array_start = .
 *(SORT_BY_NAME(.init_array.*))
 .init_array.00000
                0x000000000040c934        0x4 c:/workspace/tools/eclipse-embedcpp/xpack-arm-none-eabi-gcc-10.2.1-1.1/bin/../lib/gcc/arm-none-eabi/10.2.1/../../../../arm-none-eabi/lib/thumb/v7e-m+dp/hard\libg.a(lib_a-__call_atexit.o)
 *(.init_array)
 .init_array    0x000000000040c938        0x4 c:/workspace/tools/eclipse-embedcpp/xpack-arm-none-eabi-gcc-10.2.1-1.1/bin/../lib/gcc/arm-none-eabi/10.2.1/thumb/v7e-m+dp/hard/crtbegin.o
                0x000000000040c93c                __init_array_end = .
                0x000000000040c93c                . = ALIGN (0x4)
 *crtbegin.o(.ctors)
 *(EXCLUDE_FILE(*crtend.o) .ctors)
 *(SORT_BY_NAME(.ctors.*))
 *crtend.o(.ctors)
                0x000000000040c93c                . = ALIGN (0x4)
 *(.fini)
 .fini          0x000000000040c93c        0x4 c:/workspace/tools/eclipse-embedcpp/xpack-arm-none-eabi-gcc-10.2.1-1.1/bin/../lib/gcc/arm-none-eabi/10.2.1/thumb/v7e-m+dp/hard/crti.o
                0x000000000040c93c                _fini
 .fini          0x000000000040c940        0x8 c:/workspace/tools/eclipse-embedcpp/xpack-arm-none-eabi-gcc-10.2.1-1.1/bin/../lib/gcc/arm-none-eabi/10.2.1/thumb/v7e-m+dp/hard/crtn.o
                0x000000000040c948                . = ALIGN (0x4)
                0x000000000040c948                __fini_array_start = .
 *(.fini_array)
 .fini_array    0x000000000040c948        0x4 c:/workspace/tools/eclipse-embedcpp/xpack-arm-none-eabi-gcc-10.2.1-1.1/bin/../lib/gcc/arm-none-eabi/10.2.1/thumb/v7e-m+dp/hard/crtbegin.o
 *(SORT_BY_NAME(.fini_array.*))
                0x000000000040c94c                __fini_array_end = .
 *crtbegin.o(.dtors)
 *(EXCLUDE_FILE(*crtend.o) .dtors)
 *(SORT_BY_NAME(.dtors.*))
 *crtend.o(.dtors)
                0x000000000040c94c                . = ALIGN (0x4)
                0x000000000040c94c                _efixed = .
                0x000000000040c94c                PROVIDE (__exidx_start = .)

.vfp11_veneer   0x000000000040c94c        0x0
 .vfp11_veneer  0x000000000040c94c        0x0 linker stubs

.v4_bx          0x000000000040c94c        0x0
 .v4_bx         0x000000000040c94c        0x0 linker stubs

.iplt           0x000000000040c94c        0x0
 .iplt          0x000000000040c94c        0x0 c:/workspace/tools/eclipse-embedcpp/xpack-arm-none-eabi-gcc-10.2.1-1.1/bin/../lib/gcc/arm-none-eabi/10.2.1/thumb/v7e-m+dp/hard/crtbegin.o

.igot.plt       0x000000000040c94c        0x0